[VMM] kmap va=0xFFFF900000000000 pa=0x0000000004901000
[VMM] kmap va=0xFFFF900000001000 pa=0x0000000004904000
[VMM] kmap va=0xFFFF900000002000 pa=0x0000000004905000
[BEFORE SPLIT]
current=0x0xFFFF900000000000
current->size=0x0x0000000000002FE0
request=0x0x0000000000002000
header=0x0x0000000000000020
[AFTER SPLIT]
new_block=0x0xFFFF900000002020
new_block->size=0x0x0000000000000FC0
new_block->magic=0x0x00000000DEADC0DE
new_block->next=0x0x0000000000000000
[heap] SPLIT block=0x0xFFFF900000000000 alloc=0x0x0000000000002000 remainder=0x0xFFFF900000002020 rem_size=0x0x0000000000000FC0
[heap] KMALLOC ptr=0x0xFFFF900000000020 size=0x0x0000000000002000 ra0=0x0xFFFFFFFF80011A25 ra1=0x0xFFFFFFFF80006D04 ra2=0x0x0000000000000000
[VMM] kmap va=0xFFFF900000003000 pa=0x0000000004906000
[VMM] kmap va=0xFFFF900000004000 pa=0x0000000004907000
[VMM] kmap va=0xFFFF900000005000 pa=0x0000000004908000
[BEFORE SPLIT]
current=0x0xFFFF900000003000
current->size=0x0x0000000000002FE0
request=0x0x0000000000002000
header=0x0x0000000000000020
[AFTER SPLIT]
new_block=0x0xFFFF900000005020
new_block->size=0x0x0000000000000FC0
new_block->magic=0x0x00000000DEADC0DE
new_block->next=0x0x0000000000000000
[heap] SPLIT block=0x0xFFFF900000003000 alloc=0x0x0000000000002000 remainder=0x0xFFFF900000005020 rem_size=0x0x0000000000000FC0
[heap] KMALLOC ptr=0x0xFFFF900000003020 size=0x0x0000000000002000 ra0=0x0xFFFFFFFF80011A25 ra1=0x0xFFFFFFFF80006D04 ra2=0x0x0000000000000000
[VMM] kmap va=0xFFFF900000006000 pa=0x0000000004909000
[VMM] kmap va=0xFFFF900000007000 pa=0x000000000490A000
[VMM] kmap va=0xFFFF900000008000 pa=0x000000000490B000
[BEFORE SPLIT]
current=0x0xFFFF900000006000
current->size=0x0x0000000000002FE0
request=0x0x0000000000002000
header=0x0x0000000000000020
[AFTER SPLIT]
new_block=0x0xFFFF900000008020
new_block->size=0x0x0000000000000FC0
new_block->magic=0x0x00000000DEADC0DE
new_block->next=0x0x0000000000000000
[heap] SPLIT block=0x0xFFFF900000006000 alloc=0x0x0000000000002000 remainder=0x0xFFFF900000008020 rem_size=0x0x0000000000000FC0
[heap] KMALLOC ptr=0x0xFFFF900000006020 size=0x0x0000000000002000 ra0=0x0xFFFFFFFF80011A25 ra1=0x0xFFFFFFFF80006D04 ra2=0x0x0000000000000000
[VMM] kmap va=0xFFFF900000009000 pa=0x000000000490C000
[VMM] kmap va=0xFFFF90000000A000 pa=0x000000000490D000
[VMM] kmap va=0xFFFF90000000B000 pa=0x000000000490E000
[BEFORE SPLIT]
current=0x0xFFFF900000009000
current->size=0x0x0000000000002FE0
request=0x0x0000000000002000
header=0x0x0000000000000020
[AFTER SPLIT]
new_block=0x0xFFFF90000000B020
new_block->size=0x0x0000000000000FC0
new_block->magic=0x0x00000000DEADC0DE
new_block->next=0x0x0000000000000000
[heap] SPLIT block=0x0xFFFF900000009000 alloc=0x0x0000000000002000 remainder=0x0xFFFF90000000B020 rem_size=0x0x0000000000000FC0
[heap] KMALLOC ptr=0x0xFFFF900000009020 size=0x0x0000000000002000 ra0=0x0xFFFFFFFF80011A25 ra1=0x0xFFFFFFFF80006D04 ra2=0x0x0000000000000000
[VMM] kmap va=0xFFFF90000000C000 pa=0x000000000490F000
[VMM] kmap va=0xFFFF90000000D000 pa=0x0000000004910000
[VMM] kmap va=0xFFFF90000000E000 pa=0x0000000004911000
[BEFORE SPLIT]
current=0x0xFFFF90000000C000
current->size=0x0x0000000000002FE0
request=0x0x0000000000002000
header=0x0x0000000000000020
[AFTER SPLIT]
new_block=0x0xFFFF90000000E020
new_block->size=0x0x0000000000000FC0
new_block->magic=0x0x00000000DEADC0DE
new_block->next=0x0x0000000000000000
[heap] SPLIT block=0x0xFFFF90000000C000 alloc=0x0x0000000000002000 remainder=0x0xFFFF90000000E020 rem_size=0x0x0000000000000FC0
[heap] KMALLOC ptr=0x0xFFFF90000000C020 size=0x0x0000000000002000 ra0=0x0xFFFFFFFF80011A25 ra1=0x0xFFFFFFFF80006D04 ra2=0x0x0000000000000000
[VMM] kmap va=0xFFFF90000000F000 pa=0x0000000004912000
[VMM] kmap va=0xFFFF900000010000 pa=0x0000000004913000
[VMM] kmap va=0xFFFF900000011000 pa=0x0000000004914000
[BEFORE SPLIT]
current=0x0xFFFF90000000F000
current->size=0x0x0000000000002FE0
request=0x0x0000000000002000
header=0x0x0000000000000020
[AFTER SPLIT]
new_block=0x0xFFFF900000011020
new_block->size=0x0x0000000000000FC0
new_block->magic=0x0x00000000DEADC0DE
new_block->next=0x0x0000000000000000
[heap] SPLIT block=0x0xFFFF90000000F000 alloc=0x0x0000000000002000 remainder=0x0xFFFF900000011020 rem_size=0x0x0000000000000FC0
[heap] KMALLOC ptr=0x0xFFFF90000000F020 size=0x0x0000000000002000 ra0=0x0xFFFFFFFF80011A25 ra1=0x0xFFFFFFFF80006D04 ra2=0x0x0000000000000000
[VMM] kmap va=0xFFFF900000012000 pa=0x0000000004915000
[VMM] kmap va=0xFFFF900000013000 pa=0x0000000004916000
[VMM] kmap va=0xFFFF900000014000 pa=0x0000000004917000
[BEFORE SPLIT]
current=0x0xFFFF900000012000
current->size=0x0x0000000000002FE0
request=0x0x0000000000002000
header=0x0x0000000000000020
[AFTER SPLIT]
new_block=0x0xFFFF900000014020
new_block->size=0x0x0000000000000FC0
new_block->magic=0x0x00000000DEADC0DE
new_block->next=0x0x0000000000000000
[heap] SPLIT block=0x0xFFFF900000012000 alloc=0x0x0000000000002000 remainder=0x0xFFFF900000014020 rem_size=0x0x0000000000000FC0
[heap] KMALLOC ptr=0x0xFFFF900000012020 size=0x0x0000000000002000 ra0=0x0xFFFFFFFF80011A25 ra1=0x0xFFFFFFFF80006D04 ra2=0x0x0000000000000000
[VMM] kmap va=0xFFFF900000015000 pa=0x0000000004918000
[VMM] kmap va=0xFFFF900000016000 pa=0x0000000004919000
[VMM] kmap va=0xFFFF900000017000 pa=0x000000000491A000
[BEFORE SPLIT]
current=0x0xFFFF900000015000
current->size=0x0x0000000000002FE0
request=0x0x0000000000002000
header=0x0x0000000000000020
[AFTER SPLIT]
new_block=0x0xFFFF900000017020
new_block->size=0x0x0000000000000FC0
new_block->magic=0x0x00000000DEADC0DE
new_block->next=0x0x0000000000000000
[heap] SPLIT block=0x0xFFFF900000015000 alloc=0x0x0000000000002000 remainder=0x0xFFFF900000017020 rem_size=0x0x0000000000000FC0
[heap] KMALLOC ptr=0x0xFFFF900000015020 size=0x0x0000000000002000 ra0=0x0xFFFFFFFF80011A25 ra1=0x0xFFFFFFFF80006D04 ra2=0x0x0000000000000000
[VMM] kmap va=0xFFFF900000018000 pa=0x000000000491B000
[VMM] kmap va=0xFFFF900000019000 pa=0x000000000491C000
[VMM] kmap va=0xFFFF90000001A000 pa=0x000000000491D000
[BEFORE SPLIT]
current=0x0xFFFF900000018000
current->size=0x0x0000000000002FE0
request=0x0x0000000000002000
header=0x0x0000000000000020
[AFTER SPLIT]
new_block=0x0xFFFF90000001A020
new_block->size=0x0x0000000000000FC0
new_block->magic=0x0x00000000DEADC0DE
new_block->next=0x0x0000000000000000
[heap] SPLIT block=0x0xFFFF900000018000 alloc=0x0x0000000000002000 remainder=0x0xFFFF90000001A020 rem_size=0x0x0000000000000FC0
[heap] KMALLOC ptr=0x0xFFFF900000018020 size=0x0x0000000000002000 ra0=0x0xFFFFFFFF80011A25 ra1=0x0xFFFFFFFF80006D04 ra2=0x0x0000000000000000
[VMM] kmap va=0xFFFF90000001B000 pa=0x000000000491E000
[VMM] kmap va=0xFFFF90000001C000 pa=0x000000000491F000
[VMM] kmap va=0xFFFF90000001D000 pa=0x0000000004920000
[BEFORE SPLIT]
current=0x0xFFFF90000001B000
current->size=0x0x0000000000002FE0
request=0x0x0000000000002000
header=0x0x0000000000000020
[AFTER SPLIT]
new_block=0x0xFFFF90000001D020
new_block->size=0x0x0000000000000FC0
new_block->magic=0x0x00000000DEADC0DE
new_block->next=0x0x0000000000000000
[heap] SPLIT block=0x0xFFFF90000001B000 alloc=0x0x0000000000002000 remainder=0x0xFFFF90000001D020 rem_size=0x0x0000000000000FC0
[heap] KMALLOC ptr=0x0xFFFF90000001B020 size=0x0x0000000000002000 ra0=0x0xFFFFFFFF80011A25 ra1=0x0xFFFFFFFF80006D04 ra2=0x0x0000000000000000
[VMM] kmap va=0xFFFF90000001E000 pa=0x0000000004921000
[VMM] kmap va=0xFFFF90000001F000 pa=0x0000000004922000
[VMM] kmap va=0xFFFF900000020000 pa=0x0000000004923000
[BEFORE SPLIT]
current=0x0xFFFF90000001E000
current->size=0x0x0000000000002FE0
request=0x0x0000000000002000
header=0x0x0000000000000020
[AFTER SPLIT]
new_block=0x0xFFFF900000020020
new_block->size=0x0x0000000000000FC0
new_block->magic=0x0x00000000DEADC0DE
new_block->next=0x0x0000000000000000
[heap] SPLIT block=0x0xFFFF90000001E000 alloc=0x0x0000000000002000 remainder=0x0xFFFF900000020020 rem_size=0x0x0000000000000FC0
[heap] KMALLOC ptr=0x0xFFFF90000001E020 size=0x0x0000000000002000 ra0=0x0xFFFFFFFF80011A25 ra1=0x0xFFFFFFFF80006D04 ra2=0x0x0000000000000000
[VMM] kmap va=0xFFFF900000021000 pa=0x0000000004924000
[VMM] kmap va=0xFFFF900000022000 pa=0x0000000004925000
[VMM] kmap va=0xFFFF900000023000 pa=0x0000000004926000
[BEFORE SPLIT]
current=0x0xFFFF900000021000
current->size=0x0x0000000000002FE0
request=0x0x0000000000002000
header=0x0x0000000000000020
[AFTER SPLIT]
new_block=0x0xFFFF900000023020
new_block->size=0x0x0000000000000FC0
new_block->magic=0x0x00000000DEADC0DE
new_block->next=0x0x0000000000000000
[heap] SPLIT block=0x0xFFFF900000021000 alloc=0x0x0000000000002000 remainder=0x0xFFFF900000023020 rem_size=0x0x0000000000000FC0
[heap] KMALLOC ptr=0x0xFFFF900000021020 size=0x0x0000000000002000 ra0=0x0xFFFFFFFF80011A25 ra1=0x0xFFFFFFFF80006D04 ra2=0x0x0000000000000000
[VMM] kmap va=0xFFFF900000024000 pa=0x0000000004927000
[VMM] kmap va=0xFFFF900000025000 pa=0x0000000004928000
[VMM] kmap va=0xFFFF900000026000 pa=0x0000000004929000
[BEFORE SPLIT]
current=0x0xFFFF900000024000
current->size=0x0x0000000000002FE0
request=0x0x0000000000002000
header=0x0x0000000000000020
[AFTER SPLIT]
new_block=0x0xFFFF900000026020
new_block->size=0x0x0000000000000FC0
new_block->magic=0x0x00000000DEADC0DE
new_block->next=0x0x0000000000000000
[heap] SPLIT block=0x0xFFFF900000024000 alloc=0x0x0000000000002000 remainder=0x0xFFFF900000026020 rem_size=0x0x0000000000000FC0
[heap] KMALLOC ptr=0x0xFFFF900000024020 size=0x0x0000000000002000 ra0=0x0xFFFFFFFF80011A25 ra1=0x0xFFFFFFFF80006D04 ra2=0x0x0000000000000000
[VMM] kmap va=0xFFFF900000027000 pa=0x000000000492A000
[VMM] kmap va=0xFFFF900000028000 pa=0x000000000492B000
[VMM] kmap va=0xFFFF900000029000 pa=0x000000000492C000
[BEFORE SPLIT]
current=0x0xFFFF900000027000
current->size=0x0x0000000000002FE0
request=0x0x0000000000002000
header=0x0x0000000000000020
[AFTER SPLIT]
new_block=0x0xFFFF900000029020
new_block->size=0x0x0000000000000FC0
new_block->magic=0x0x00000000DEADC0DE
new_block->next=0x0x0000000000000000
[heap] SPLIT block=0x0xFFFF900000027000 alloc=0x0x0000000000002000 remainder=0x0xFFFF900000029020 rem_size=0x0x0000000000000FC0
[heap] KMALLOC ptr=0x0xFFFF900000027020 size=0x0x0000000000002000 ra0=0x0xFFFFFFFF80011A25 ra1=0x0xFFFFFFFF80006D04 ra2=0x0x0000000000000000
[VMM] kmap va=0xFFFF90000002A000 pa=0x000000000492D000
[VMM] kmap va=0xFFFF90000002B000 pa=0x000000000492E000
[VMM] kmap va=0xFFFF90000002C000 pa=0x000000000492F000
[BEFORE SPLIT]
current=0x0xFFFF90000002A000
current->size=0x0x0000000000002FE0
request=0x0x0000000000002000
header=0x0x0000000000000020
[AFTER SPLIT]
new_block=0x0xFFFF90000002C020
new_block->size=0x0x0000000000000FC0
new_block->magic=0x0x00000000DEADC0DE
new_block->next=0x0x0000000000000000
[heap] SPLIT block=0x0xFFFF90000002A000 alloc=0x0x0000000000002000 remainder=0x0xFFFF90000002C020 rem_size=0x0x0000000000000FC0
[heap] KMALLOC ptr=0x0xFFFF90000002A020 size=0x0x0000000000002000 ra0=0x0xFFFFFFFF80011A25 ra1=0x0xFFFFFFFF80006D04 ra2=0x0x0000000000000000
[VMM] kmap va=0xFFFF90000002D000 pa=0x0000000004930000
[VMM] kmap va=0xFFFF90000002E000 pa=0x0000000004931000
[VMM] kmap va=0xFFFF90000002F000 pa=0x0000000004932000
[BEFORE SPLIT]
current=0x0xFFFF90000002D000
current->size=0x0x0000000000002FE0
request=0x0x0000000000002000
header=0x0x0000000000000020
[AFTER SPLIT]
new_block=0x0xFFFF90000002F020
new_block->size=0x0x0000000000000FC0
new_block->magic=0x0x00000000DEADC0DE
new_block->next=0x0x0000000000000000
[heap] SPLIT block=0x0xFFFF90000002D000 alloc=0x0x0000000000002000 remainder=0x0xFFFF90000002F020 rem_size=0x0x0000000000000FC0
[heap] KMALLOC ptr=0x0xFFFF90000002D020 size=0x0x0000000000002000 ra0=0x0xFFFFFFFF80011A25 ra1=0x0xFFFFFFFF80006D04 ra2=0x0x0000000000000000
[BEFORE SPLIT]
current=0x0xFFFF900000002020
current->size=0x0x0000000000000FC0
request=0x0x0000000000000200
header=0x0x0000000000000020
[AFTER SPLIT]
new_block=0x0xFFFF900000002240
new_block->size=0x0x0000000000000DA0
new_block->magic=0x0x00000000DEADC0DE
new_block->next=0x0xFFFF900000003000
[heap] SPLIT block=0x0xFFFF900000002020 alloc=0x0x0000000000000200 remainder=0x0xFFFF900000002240 rem_size=0x0x0000000000000DA0
[heap] KMALLOC ptr=0x0xFFFF900000002040 size=0x0x0000000000000200 ra0=0x0xFFFFFFFF8000781D ra1=0x0xFFFFFFFF80006D1C ra2=0x0x0000000000000000
[heap] KFREE ptr=0x0xFFFF900000002040 size=0x0x0000000000000200 ra0=0x0xFFFFFFFF80007846
[MERGE CHECK]
current=0x0xFFFF900000002020
expected_next=0x0xFFFF900000002240
actual_next=0x0xFFFF900000002240
[heap] MERGE into=0x0xFFFF900000002020 absorb=0x0xFFFF900000002240 new_size=0x0x0000000000000FC0
[VMM] kmap va=0xFFFF900000030000 pa=0x0000000004933000
[VMM] kmap va=0xFFFF900000031000 pa=0x0000000004934000
[VMM] kmap va=0xFFFF900000032000 pa=0x0000000004935000
[VMM] kmap va=0xFFFF900000033000 pa=0x0000000004936000
[VMM] kmap va=0xFFFF900000034000 pa=0x0000000004937000
[VMM] kmap va=0xFFFF900000035000 pa=0x0000000004938000
[VMM] kmap va=0xFFFF900000036000 pa=0x0000000004939000
[VMM] kmap va=0xFFFF900000037000 pa=0x000000000493A000
[VMM] kmap va=0xFFFF900000038000 pa=0x000000000493B000
[VMM] kmap va=0xFFFF900000039000 pa=0x000000000493C000
[VMM] kmap va=0xFFFF90000003A000 pa=0x000000000493D000
[VMM] kmap va=0xFFFF90000003B000 pa=0x000000000493E000
[VMM] kmap va=0xFFFF90000003C000 pa=0x000000000493F000
[VMM] kmap va=0xFFFF90000003D000 pa=0x0000000004940000
[VMM] kmap va=0xFFFF90000003E000 pa=0x0000000004941000
[VMM] kmap va=0xFFFF90000003F000 pa=0x0000000004942000
[VMM] kmap va=0xFFFF900000040000 pa=0x0000000004943000
[VMM] kmap va=0xFFFF900000041000 pa=0x0000000004944000
[VMM] kmap va=0xFFFF900000042000 pa=0x0000000004945000
[VMM] kmap va=0xFFFF900000043000 pa=0x0000000004946000
[VMM] kmap va=0xFFFF900000044000 pa=0x0000000004947000
[VMM] kmap va=0xFFFF900000045000 pa=0x0000000004948000
[VMM] kmap va=0xFFFF900000046000 pa=0x0000000004949000
[VMM] kmap va=0xFFFF900000047000 pa=0x000000000494A000
[VMM] kmap va=0xFFFF900000048000 pa=0x000000000494B000
[VMM] kmap va=0xFFFF900000049000 pa=0x000000000494C000
[VMM] kmap va=0xFFFF90000004A000 pa=0x000000000494D000
[VMM] kmap va=0xFFFF90000004B000 pa=0x000000000494E000
[VMM] kmap va=0xFFFF90000004C000 pa=0x000000000494F000
[VMM] kmap va=0xFFFF90000004D000 pa=0x0000000004950000
[VMM] kmap va=0xFFFF90000004E000 pa=0x0000000004951000
[VMM] kmap va=0xFFFF90000004F000 pa=0x0000000004952000
[VMM] kmap va=0xFFFF900000050000 pa=0x0000000004953000
[VMM] kmap va=0xFFFF900000051000 pa=0x0000000004954000
[VMM] kmap va=0xFFFF900000052000 pa=0x0000000004955000
[VMM] kmap va=0xFFFF900000053000 pa=0x0000000004956000
[VMM] kmap va=0xFFFF900000054000 pa=0x0000000004957000
[VMM] kmap va=0xFFFF900000055000 pa=0x0000000004958000
[VMM] kmap va=0xFFFF900000056000 pa=0x0000000004959000
[VMM] kmap va=0xFFFF900000057000 pa=0x000000000495A000
[VMM] kmap va=0xFFFF900000058000 pa=0x000000000495B000
[VMM] kmap va=0xFFFF900000059000 pa=0x000000000495C000
[VMM] kmap va=0xFFFF90000005A000 pa=0x000000000495D000
[VMM] kmap va=0xFFFF90000005B000 pa=0x000000000495E000
[VMM] kmap va=0xFFFF90000005C000 pa=0x000000000495F000
[VMM] kmap va=0xFFFF90000005D000 pa=0x0000000004960000
[VMM] kmap va=0xFFFF90000005E000 pa=0x0000000004961000
[VMM] kmap va=0xFFFF90000005F000 pa=0x0000000004962000
[VMM] kmap va=0xFFFF900000060000 pa=0x0000000004963000
[VMM] kmap va=0xFFFF900000061000 pa=0x0000000004964000
[VMM] kmap va=0xFFFF900000062000 pa=0x0000000004965000
[VMM] kmap va=0xFFFF900000063000 pa=0x0000000004966000
[VMM] kmap va=0xFFFF900000064000 pa=0x0000000004967000
[VMM] kmap va=0xFFFF900000065000 pa=0x0000000004968000
[VMM] kmap va=0xFFFF900000066000 pa=0x0000000004969000
[VMM] kmap va=0xFFFF900000067000 pa=0x000000000496A000
[VMM] kmap va=0xFFFF900000068000 pa=0x000000000496B000
[VMM] kmap va=0xFFFF900000069000 pa=0x000000000496C000
[VMM] kmap va=0xFFFF90000006A000 pa=0x000000000496D000
[VMM] kmap va=0xFFFF90000006B000 pa=0x000000000496E000
[VMM] kmap va=0xFFFF90000006C000 pa=0x000000000496F000
[VMM] kmap va=0xFFFF90000006D000 pa=0x0000000004970000
[VMM] kmap va=0xFFFF90000006E000 pa=0x0000000004971000
[VMM] kmap va=0xFFFF90000006F000 pa=0x0000000004972000
[VMM] kmap va=0xFFFF900000070000 pa=0x0000000004973000
[VMM] kmap va=0xFFFF900000071000 pa=0x0000000004974000
[VMM] kmap va=0xFFFF900000072000 pa=0x0000000004975000
[VMM] kmap va=0xFFFF900000073000 pa=0x0000000004976000
[VMM] kmap va=0xFFFF900000074000 pa=0x0000000004977000
[VMM] kmap va=0xFFFF900000075000 pa=0x0000000004978000
[VMM] kmap va=0xFFFF900000076000 pa=0x0000000004979000
[VMM] kmap va=0xFFFF900000077000 pa=0x000000000497A000
[VMM] kmap va=0xFFFF900000078000 pa=0x000000000497B000
[VMM] kmap va=0xFFFF900000079000 pa=0x000000000497C000
[VMM] kmap va=0xFFFF90000007A000 pa=0x000000000497D000
[VMM] kmap va=0xFFFF90000007B000 pa=0x000000000497E000
[VMM] kmap va=0xFFFF90000007C000 pa=0x000000000497F000
[VMM] kmap va=0xFFFF90000007D000 pa=0x0000000004980000
[VMM] kmap va=0xFFFF90000007E000 pa=0x0000000004981000
[VMM] kmap va=0xFFFF90000007F000 pa=0x0000000004982000
[VMM] kmap va=0xFFFF900000080000 pa=0x0000000004983000
[VMM] kmap va=0xFFFF900000081000 pa=0x0000000004984000
[VMM] kmap va=0xFFFF900000082000 pa=0x0000000004985000
[VMM] kmap va=0xFFFF900000083000 pa=0x0000000004986000
[VMM] kmap va=0xFFFF900000084000 pa=0x0000000004987000
[VMM] kmap va=0xFFFF900000085000 pa=0x0000000004988000
[VMM] kmap va=0xFFFF900000086000 pa=0x0000000004989000
[VMM] kmap va=0xFFFF900000087000 pa=0x000000000498A000
[VMM] kmap va=0xFFFF900000088000 pa=0x000000000498B000
[VMM] kmap va=0xFFFF900000089000 pa=0x000000000498C000
[VMM] kmap va=0xFFFF90000008A000 pa=0x000000000498D000
[VMM] kmap va=0xFFFF90000008B000 pa=0x000000000498E000
[VMM] kmap va=0xFFFF90000008C000 pa=0x000000000498F000
[VMM] kmap va=0xFFFF90000008D000 pa=0x0000000004990000
[VMM] kmap va=0xFFFF90000008E000 pa=0x0000000004991000
[VMM] kmap va=0xFFFF90000008F000 pa=0x0000000004992000
[VMM] kmap va=0xFFFF900000090000 pa=0x0000000004993000
[VMM] kmap va=0xFFFF900000091000 pa=0x0000000004994000
[VMM] kmap va=0xFFFF900000092000 pa=0x0000000004995000
[VMM] kmap va=0xFFFF900000093000 pa=0x0000000004996000
[VMM] kmap va=0xFFFF900000094000 pa=0x0000000004997000
[VMM] kmap va=0xFFFF900000095000 pa=0x0000000004998000
[VMM] kmap va=0xFFFF900000096000 pa=0x0000000004999000
[VMM] kmap va=0xFFFF900000097000 pa=0x000000000499A000
[VMM] kmap va=0xFFFF900000098000 pa=0x000000000499B000
[VMM] kmap va=0xFFFF900000099000 pa=0x000000000499C000
[VMM] kmap va=0xFFFF90000009A000 pa=0x000000000499D000
[VMM] kmap va=0xFFFF90000009B000 pa=0x000000000499E000
[VMM] kmap va=0xFFFF90000009C000 pa=0x000000000499F000
[VMM] kmap va=0xFFFF90000009D000 pa=0x00000000049A0000
[VMM] kmap va=0xFFFF90000009E000 pa=0x00000000049A1000
[VMM] kmap va=0xFFFF90000009F000 pa=0x00000000049A2000
[VMM] kmap va=0xFFFF9000000A0000 pa=0x00000000049A3000
[VMM] kmap va=0xFFFF9000000A1000 pa=0x00000000049A4000
[VMM] kmap va=0xFFFF9000000A2000 pa=0x00000000049A5000
[VMM] kmap va=0xFFFF9000000A3000 pa=0x00000000049A6000
[VMM] kmap va=0xFFFF9000000A4000 pa=0x00000000049A7000
[VMM] kmap va=0xFFFF9000000A5000 pa=0x00000000049A8000
[VMM] kmap va=0xFFFF9000000A6000 pa=0x00000000049A9000
[VMM] kmap va=0xFFFF9000000A7000 pa=0x00000000049AA000
[VMM] kmap va=0xFFFF9000000A8000 pa=0x00000000049AB000
[VMM] kmap va=0xFFFF9000000A9000 pa=0x00000000049AC000
[VMM] kmap va=0xFFFF9000000AA000 pa=0x00000000049AD000
[VMM] kmap va=0xFFFF9000000AB000 pa=0x00000000049AE000
[VMM] kmap va=0xFFFF9000000AC000 pa=0x00000000049AF000
[VMM] kmap va=0xFFFF9000000AD000 pa=0x00000000049B0000
[VMM] kmap va=0xFFFF9000000AE000 pa=0x00000000049B1000
[VMM] kmap va=0xFFFF9000000AF000 pa=0x00000000049B2000
[VMM] kmap va=0xFFFF9000000B0000 pa=0x00000000049B3000
[VMM] kmap va=0xFFFF9000000B1000 pa=0x00000000049B4000
[VMM] kmap va=0xFFFF9000000B2000 pa=0x00000000049B5000
[VMM] kmap va=0xFFFF9000000B3000 pa=0x00000000049B6000
[VMM] kmap va=0xFFFF9000000B4000 pa=0x00000000049B7000
[VMM] kmap va=0xFFFF9000000B5000 pa=0x00000000049B8000
[VMM] kmap va=0xFFFF9000000B6000 pa=0x00000000049B9000
[VMM] kmap va=0xFFFF9000000B7000 pa=0x00000000049BA000
[VMM] kmap va=0xFFFF9000000B8000 pa=0x00000000049BB000
[VMM] kmap va=0xFFFF9000000B9000 pa=0x00000000049BC000
[VMM] kmap va=0xFFFF9000000BA000 pa=0x00000000049BD000
[VMM] kmap va=0xFFFF9000000BB000 pa=0x00000000049BE000
[VMM] kmap va=0xFFFF9000000BC000 pa=0x00000000049BF000
[VMM] kmap va=0xFFFF9000000BD000 pa=0x00000000049C0000
[VMM] kmap va=0xFFFF9000000BE000 pa=0x00000000049C1000
[VMM] kmap va=0xFFFF9000000BF000 pa=0x00000000049C2000
[VMM] kmap va=0xFFFF9000000C0000 pa=0x00000000049C3000
[VMM] kmap va=0xFFFF9000000C1000 pa=0x00000000049C4000
[VMM] kmap va=0xFFFF9000000C2000 pa=0x00000000049C5000
[VMM] kmap va=0xFFFF9000000C3000 pa=0x00000000049C6000
[VMM] kmap va=0xFFFF9000000C4000 pa=0x00000000049C7000
[VMM] kmap va=0xFFFF9000000C5000 pa=0x00000000049C8000
[VMM] kmap va=0xFFFF9000000C6000 pa=0x00000000049C9000
[VMM] kmap va=0xFFFF9000000C7000 pa=0x00000000049CA000
[VMM] kmap va=0xFFFF9000000C8000 pa=0x00000000049CB000
[VMM] kmap va=0xFFFF9000000C9000 pa=0x00000000049CC000
[VMM] kmap va=0xFFFF9000000CA000 pa=0x00000000049CD000
[VMM] kmap va=0xFFFF9000000CB000 pa=0x00000000049CE000
[VMM] kmap va=0xFFFF9000000CC000 pa=0x00000000049CF000
[VMM] kmap va=0xFFFF9000000CD000 pa=0x00000000049D0000
[VMM] kmap va=0xFFFF9000000CE000 pa=0x00000000049D1000
[VMM] kmap va=0xFFFF9000000CF000 pa=0x00000000049D2000
[VMM] kmap va=0xFFFF9000000D0000 pa=0x00000000049D3000
[VMM] kmap va=0xFFFF9000000D1000 pa=0x00000000049D4000
[VMM] kmap va=0xFFFF9000000D2000 pa=0x00000000049D5000
[VMM] kmap va=0xFFFF9000000D3000 pa=0x00000000049D6000
[VMM] kmap va=0xFFFF9000000D4000 pa=0x00000000049D7000
[VMM] kmap va=0xFFFF9000000D5000 pa=0x00000000049D8000
[VMM] kmap va=0xFFFF9000000D6000 pa=0x00000000049D9000
[VMM] kmap va=0xFFFF9000000D7000 pa=0x00000000049DA000
[VMM] kmap va=0xFFFF9000000D8000 pa=0x00000000049DB000
[VMM] kmap va=0xFFFF9000000D9000 pa=0x00000000049DC000
[VMM] kmap va=0xFFFF9000000DA000 pa=0x00000000049DD000
[VMM] kmap va=0xFFFF9000000DB000 pa=0x00000000049DE000
[VMM] kmap va=0xFFFF9000000DC000 pa=0x00000000049DF000
[VMM] kmap va=0xFFFF9000000DD000 pa=0x00000000049E0000
[VMM] kmap va=0xFFFF9000000DE000 pa=0x00000000049E1000
[VMM] kmap va=0xFFFF9000000DF000 pa=0x00000000049E2000
[VMM] kmap va=0xFFFF9000000E0000 pa=0x00000000049E3000
[VMM] kmap va=0xFFFF9000000E1000 pa=0x00000000049E4000
[VMM] kmap va=0xFFFF9000000E2000 pa=0x00000000049E5000
[VMM] kmap va=0xFFFF9000000E3000 pa=0x00000000049E6000
[VMM] kmap va=0xFFFF9000000E4000 pa=0x00000000049E7000
[VMM] kmap va=0xFFFF9000000E5000 pa=0x00000000049E8000
[VMM] kmap va=0xFFFF9000000E6000 pa=0x00000000049E9000
[VMM] kmap va=0xFFFF9000000E7000 pa=0x00000000049EA000
[VMM] kmap va=0xFFFF9000000E8000 pa=0x00000000049EB000
[VMM] kmap va=0xFFFF9000000E9000 pa=0x00000000049EC000
[VMM] kmap va=0xFFFF9000000EA000 pa=0x00000000049ED000
[VMM] kmap va=0xFFFF9000000EB000 pa=0x00000000049EE000
[VMM] kmap va=0xFFFF9000000EC000 pa=0x00000000049EF000
[VMM] kmap va=0xFFFF9000000ED000 pa=0x00000000049F0000
[VMM] kmap va=0xFFFF9000000EE000 pa=0x00000000049F1000
[VMM] kmap va=0xFFFF9000000EF000 pa=0x00000000049F2000
[VMM] kmap va=0xFFFF9000000F0000 pa=0x00000000049F3000
[VMM] kmap va=0xFFFF9000000F1000 pa=0x00000000049F4000
[VMM] kmap va=0xFFFF9000000F2000 pa=0x00000000049F5000
[VMM] kmap va=0xFFFF9000000F3000 pa=0x00000000049F6000
[VMM] kmap va=0xFFFF9000000F4000 pa=0x00000000049F7000
[VMM] kmap va=0xFFFF9000000F5000 pa=0x00000000049F8000
[VMM] kmap va=0xFFFF9000000F6000 pa=0x00000000049F9000
[VMM] kmap va=0xFFFF9000000F7000 pa=0x00000000049FA000
[VMM] kmap va=0xFFFF9000000F8000 pa=0x00000000049FB000
[BEFORE SPLIT]
current=0x0xFFFF900000030000
current->size=0x0x00000000000C8FE0
request=0x0x00000000000C8000
header=0x0x0000000000000020
[AFTER SPLIT]
new_block=0x0xFFFF9000000F8020
new_block->size=0x0x0000000000000FC0
new_block->magic=0x0x00000000DEADC0DE
new_block->next=0x0x0000000000000000
[heap] SPLIT block=0x0xFFFF900000030000 alloc=0x0x00000000000C8000 remainder=0x0xFFFF9000000F8020 rem_size=0x0x0000000000000FC0
[heap] KMALLOC ptr=0x0xFFFF900000030020 size=0x0x00000000000C8000 ra0=0x0xFFFFFFFF8000789E ra1=0x0xFFFFFFFF80006D1C ra2=0x0x0000000000000000

[HEAP_WATCH_DEBUG] serial ready
[HEAP_WATCH] BSP DR0 watch magic @ target (4 bytes)
[smp] BSP lapic=0, CPUs reported=4
[[smp] smp] OCPU #nline CPUs: 3 online (lapic=3)
[smp] CPU #24 online (lapic=/24)

[smp] CPU #
--- RADAR AUTO-INSTALL ---
1 online (lapic=1)
Status: Limine mengirim modul!
Jumlah Modul: 8
Modul 1 | Ukuran: 182832 Bytes
 -> Raw string: [/kyuzen.png]
 -> Ekstrak Nama: [kyuzen.png]
[BEFORE SPLIT]
current=0x0xFFFF900000002020
current->size=0x0x0000000000000FC0
request=0x0x0000000000000200
header=0x0x0000000000000020
[AFTER SPLIT]
new_block=0x0xFFFF900000002240
new_block->size=0x0x0000000000000DA0
new_block->magic=0x0x00000000DEADC0DE
new_block->next=0x0xFFFF900000003000
[heap] SPLIT block=0x0xFFFF900000002020 alloc=0x0x0000000000000200 remainder=0x0xFFFF900000002240 rem_size=0x0x0000000000000DA0
[heap] KMALLOC ptr=0x0xFFFF900000002040 size=0x0x0000000000000200 ra0=0x0xFFFFFFFF80008437 ra1=0x0xFFFFFFFF800074A2 ra2=0x0x0000000000000000
[heap] KFREE ptr=0x0xFFFF900000002040 size=0x0x0000000000000200 ra0=0x0xFFFFFFFF800084B3
[MERGE CHECK]
current=0x0xFFFF900000002020
expected_next=0x0xFFFF900000002240
actual_next=0x0xFFFF900000002240
[heap] MERGE into=0x0xFFFF900000002020 absorb=0x0xFFFF900000002240 new_size=0x0x0000000000000FC0
[BEFORE SPLIT]
current=0x0xFFFF900000002020
current->size=0x0x0000000000000FC0
request=0x0x0000000000000200
header=0x0x0000000000000020
[AFTER SPLIT]
new_block=0x0xFFFF900000002240
new_block->size=0x0x0000000000000DA0
new_block->magic=0x0x00000000DEADC0DE
new_block->next=0x0xFFFF900000003000
[heap] SPLIT block=0x0xFFFF900000002020 alloc=0x0x0000000000000200 remainder=0x0xFFFF900000002240 rem_size=0x0x0000000000000DA0
[heap] KMALLOC ptr=0x0xFFFF900000002040 size=0x0x0000000000000200 ra0=0x0xFFFFFFFF800081CE ra1=0x0xFFFFFFFF800074B2 ra2=0x0x0000000000000000
[heap] KFREE ptr=0x0xFFFF900000002040 size=0x0x0000000000000200 ra0=0x0xFFFFFFFF800082A2
[MERGE CHECK]
current=0x0xFFFF900000002020
expected_next=0x0xFFFF900000002240
actual_next=0x0xFFFF900000002240
[heap] MERGE into=0x0xFFFF900000002020 absorb=0x0xFFFF900000002240 new_size=0x0x0000000000000FC0
[BEFORE SPLIT]
current=0x0xFFFF900000002020
current->size=0x0x0000000000000FC0
request=0x0x0000000000000200
header=0x0x0000000000000020
[AFTER SPLIT]
new_block=0x0xFFFF900000002240
new_block->size=0x0x0000000000000DA0
new_block->magic=0x0x00000000DEADC0DE
new_block->next=0x0xFFFF900000003000
[heap] SPLIT block=0x0xFFFF900000002020 alloc=0x0x0000000000000200 remainder=0x0xFFFF900000002240 rem_size=0x0x0000000000000DA0
[heap] KMALLOC ptr=0x0xFFFF900000002040 size=0x0x0000000000000200 ra0=0x0xFFFFFFFF8000830A ra1=0x0xFFFFFFFF800074B2 ra2=0x0x0000000000000000
[heap] KFREE ptr=0x0xFFFF900000002040 size=0x0x0000000000000200 ra0=0x0xFFFFFFFF80008362
[MERGE CHECK]
current=0x0xFFFF900000002020
expected_next=0x0xFFFF900000002240
actual_next=0x0xFFFF900000002240
[heap] MERGE into=0x0xFFFF900000002020 absorb=0x0xFFFF900000002240 new_size=0x0x0000000000000FC0
[OK] File dihapus!
[BEFORE SPLIT]
current=0x0xFFFF900000002020
current->size=0x0x0000000000000FC0
request=0x0x0000000000000200
header=0x0x0000000000000020
[AFTER SPLIT]
new_block=0x0xFFFF900000002240
new_block->size=0x0x0000000000000DA0
new_block->magic=0x0x00000000DEADC0DE
new_block->next=0x0xFFFF900000003000
[heap] SPLIT block=0x0xFFFF900000002020 alloc=0x0x0000000000000200 remainder=0x0xFFFF900000002240 rem_size=0x0x0000000000000DA0
[heap] KMALLOC ptr=0x0xFFFF900000002040 size=0x0x0000000000000200 ra0=0x0xFFFFFFFF80007B6C ra1=0x0xFFFFFFFF800072C4 ra2=0x0x0000000000000000
[heap] KFREE ptr=0x0xFFFF900000002040 size=0x0x0000000000000200 ra0=0x0xFFFFFFFF80007B80
[MERGE CHECK]
current=0x0xFFFF900000002020
expected_next=0x0xFFFF900000002240
actual_next=0x0xFFFF900000002240
[heap] MERGE into=0x0xFFFF900000002020 absorb=0x0xFFFF900000002240 new_size=0x0x0000000000000FC0
[BEFORE SPLIT]
current=0x0xFFFF900000002020
current->size=0x0x0000000000000FC0
request=0x0x0000000000000200
header=0x0x0000000000000020
[AFTER SPLIT]
new_block=0x0xFFFF900000002240
new_block->size=0x0x0000000000000DA0
new_block->magic=0x0x00000000DEADC0DE
new_block->next=0x0xFFFF900000003000
[heap] SPLIT block=0x0xFFFF900000002020 alloc=0x0x0000000000000200 remainder=0x0xFFFF900000002240 rem_size=0x0x0000000000000DA0
[heap] KMALLOC ptr=0x0xFFFF900000002040 size=0x0x0000000000000200 ra0=0x0xFFFFFFFF80007BAA ra1=0x0xFFFFFFFF800072C4 ra2=0x0x0000000000000000
[heap] KFREE ptr=0x0xFFFF900000002040 size=0x0x0000000000000200 ra0=0x0xFFFFFFFF8000804C
[MERGE CHECK]
current=0x0xFFFF900000002020
expected_next=0x0xFFFF900000002240
actual_next=0x0xFFFF900000002240
[heap] MERGE into=0x0xFFFF900000002020 absorb=0x0xFFFF900000002240 new_size=0x0x0000000000000FC0
 -> [SUKSES DITULIS KE DISK]
Modul 2 | Ukuran: 32653 Bytes
 -> Raw string: [/logo.png]
 -> Ekstrak Nama: [logo.png]
[BEFORE SPLIT]
current=0x0xFFFF900000002020
current->size=0x0x0000000000000FC0
request=0x0x0000000000000200
header=0x0x0000000000000020
[AFTER SPLIT]
new_block=0x0xFFFF900000002240
new_block->size=0x0x0000000000000DA0
new_block->magic=0x0x00000000DEADC0DE
new_block->next=0x0xFFFF900000003000
[heap] SPLIT block=0x0xFFFF900000002020 alloc=0x0x0000000000000200 remainder=0x0xFFFF900000002240 rem_size=0x0x0000000000000DA0
[heap] KMALLOC ptr=0x0xFFFF900000002040 size=0x0x0000000000000200 ra0=0x0xFFFFFFFF80008437 ra1=0x0xFFFFFFFF800074A2 ra2=0x0x0000000000000000
[heap] KFREE ptr=0x0xFFFF900000002040 size=0x0x0000000000000200 ra0=0x0xFFFFFFFF800084B3
[MERGE CHECK]
current=0x0xFFFF900000002020
expected_next=0x0xFFFF900000002240
actual_next=0x0xFFFF900000002240
[heap] MERGE into=0x0xFFFF900000002020 absorb=0x0xFFFF900000002240 new_size=0x0x0000000000000FC0
[BEFORE SPLIT]
current=0x0xFFFF900000002020
current->size=0x0x0000000000000FC0
request=0x0x0000000000000200
header=0x0x0000000000000020
[AFTER SPLIT]
new_block=0x0xFFFF900000002240
new_block->size=0x0x0000000000000DA0
new_block->magic=0x0x00000000DEADC0DE
new_block->next=0x0xFFFF900000003000
[heap] SPLIT block=0x0xFFFF900000002020 alloc=0x0x0000000000000200 remainder=0x0xFFFF900000002240 rem_size=0x0x0000000000000DA0
[heap] KMALLOC ptr=0x0xFFFF900000002040 size=0x0x0000000000000200 ra0=0x0xFFFFFFFF800081CE ra1=0x0xFFFFFFFF800074B2 ra2=0x0x0000000000000000
[heap] KFREE ptr=0x0xFFFF900000002040 size=0x0x0000000000000200 ra0=0x0xFFFFFFFF800082A2
[MERGE CHECK]
current=0x0xFFFF900000002020
expected_next=0x0xFFFF900000002240
actual_next=0x0xFFFF900000002240
[heap] MERGE into=0x0xFFFF900000002020 absorb=0x0xFFFF900000002240 new_size=0x0x0000000000000FC0
[BEFORE SPLIT]
current=0x0xFFFF900000002020
current->size=0x0x0000000000000FC0
request=0x0x0000000000000200
header=0x0x0000000000000020
[AFTER SPLIT]
new_block=0x0xFFFF900000002240
new_block->size=0x0x0000000000000DA0
new_block->magic=0x0x00000000DEADC0DE
new_block->next=0x0xFFFF900000003000
[heap] SPLIT block=0x0xFFFF900000002020 alloc=0x0x0000000000000200 remainder=0x0xFFFF900000002240 rem_size=0x0x0000000000000DA0
[heap] KMALLOC ptr=0x0xFFFF900000002040 size=0x0x0000000000000200 ra0=0x0xFFFFFFFF8000830A ra1=0x0xFFFFFFFF800074B2 ra2=0x0x0000000000000000
[heap] KFREE ptr=0x0xFFFF900000002040 size=0x0x0000000000000200 ra0=0x0xFFFFFFFF80008362
[MERGE CHECK]
current=0x0xFFFF900000002020
expected_next=0x0xFFFF900000002240
actual_next=0x0xFFFF900000002240
[heap] MERGE into=0x0xFFFF900000002020 absorb=0x0xFFFF900000002240 new_size=0x0x0000000000000FC0
[OK] File dihapus!
[BEFORE SPLIT]
current=0x0xFFFF900000002020
current->size=0x0x0000000000000FC0
request=0x0x0000000000000200
header=0x0x0000000000000020
[AFTER SPLIT]
new_block=0x0xFFFF900000002240
new_block->size=0x0x0000000000000DA0
new_block->magic=0x0x00000000DEADC0DE
new_block->next=0x0xFFFF900000003000
[heap] SPLIT block=0x0xFFFF900000002020 alloc=0x0x0000000000000200 remainder=0x0xFFFF900000002240 rem_size=0x0x0000000000000DA0
[heap] KMALLOC ptr=0x0xFFFF900000002040 size=0x0x0000000000000200 ra0=0x0xFFFFFFFF80007B6C ra1=0x0xFFFFFFFF800072C4 ra2=0x0x0000000000000000
[heap] KFREE ptr=0x0xFFFF900000002040 size=0x0x0000000000000200 ra0=0x0xFFFFFFFF80007B80
[MERGE CHECK]
current=0x0xFFFF900000002020
expected_next=0x0xFFFF900000002240
actual_next=0x0xFFFF900000002240
[heap] MERGE into=0x0xFFFF900000002020 absorb=0x0xFFFF900000002240 new_size=0x0x0000000000000FC0
[BEFORE SPLIT]
current=0x0xFFFF900000002020
current->size=0x0x0000000000000FC0
request=0x0x0000000000000200
header=0x0x0000000000000020
[AFTER SPLIT]
new_block=0x0xFFFF900000002240
new_block->size=0x0x0000000000000DA0
new_block->magic=0x0x00000000DEADC0DE
new_block->next=0x0xFFFF900000003000
[heap] SPLIT block=0x0xFFFF900000002020 alloc=0x0x0000000000000200 remainder=0x0xFFFF900000002240 rem_size=0x0x0000000000000DA0
[heap] KMALLOC ptr=0x0xFFFF900000002040 size=0x0x0000000000000200 ra0=0x0xFFFFFFFF80007BAA ra1=0x0xFFFFFFFF800072C4 ra2=0x0x0000000000000000
[heap] KFREE ptr=0x0xFFFF900000002040 size=0x0x0000000000000200 ra0=0x0xFFFFFFFF8000804C
[MERGE CHECK]
current=0x0xFFFF900000002020
expected_next=0x0xFFFF900000002240
actual_next=0x0xFFFF900000002240
[heap] MERGE into=0x0xFFFF900000002020 absorb=0x0xFFFF900000002240 new_size=0x0x0000000000000FC0
 -> [SUKSES DITULIS KE DISK]
Modul 3 | Ukuran: 18064 Bytes
 -> Raw string: [/fileman.elf]
 -> Ekstrak Nama: [fileman.elf]
[BEFORE SPLIT]
current=0x0xFFFF900000002020
current->size=0x0x0000000000000FC0
request=0x0x0000000000000200
header=0x0x0000000000000020
[AFTER SPLIT]
new_block=0x0xFFFF900000002240
new_block->size=0x0x0000000000000DA0
new_block->magic=0x0x00000000DEADC0DE
new_block->next=0x0xFFFF900000003000
[heap] SPLIT block=0x0xFFFF900000002020 alloc=0x0x0000000000000200 remainder=0x0xFFFF900000002240 rem_size=0x0x0000000000000DA0
[heap] KMALLOC ptr=0x0xFFFF900000002040 size=0x0x0000000000000200 ra0=0x0xFFFFFFFF80008437 ra1=0x0xFFFFFFFF800074A2 ra2=0x0x0000000000000000
[heap] KFREE ptr=0x0xFFFF900000002040 size=0x0x0000000000000200 ra0=0x0xFFFFFFFF800084B3
[MERGE CHECK]
current=0x0xFFFF900000002020
expected_next=0x0xFFFF900000002240
actual_next=0x0xFFFF900000002240
[heap] MERGE into=0x0xFFFF900000002020 absorb=0x0xFFFF900000002240 new_size=0x0x0000000000000FC0
[BEFORE SPLIT]
current=0x0xFFFF900000002020
current->size=0x0x0000000000000FC0
request=0x0x0000000000000200
header=0x0x0000000000000020
[AFTER SPLIT]
new_block=0x0xFFFF900000002240
new_block->size=0x0x0000000000000DA0
new_block->magic=0x0x00000000DEADC0DE
new_block->next=0x0xFFFF900000003000
[heap] SPLIT block=0x0xFFFF900000002020 alloc=0x0x0000000000000200 remainder=0x0xFFFF900000002240 rem_size=0x0x0000000000000DA0
[heap] KMALLOC ptr=0x0xFFFF900000002040 size=0x0x0000000000000200 ra0=0x0xFFFFFFFF800081CE ra1=0x0xFFFFFFFF800074B2 ra2=0x0x0000000000000000
[heap] KFREE ptr=0x0xFFFF900000002040 size=0x0x0000000000000200 ra0=0x0xFFFFFFFF800082A2
[MERGE CHECK]
current=0x0xFFFF900000002020
expected_next=0x0xFFFF900000002240
actual_next=0x0xFFFF900000002240
[heap] MERGE into=0x0xFFFF900000002020 absorb=0x0xFFFF900000002240 new_size=0x0x0000000000000FC0
[BEFORE SPLIT]
current=0x0xFFFF900000002020
current->size=0x0x0000000000000FC0
request=0x0x0000000000000200
header=0x0x0000000000000020
[AFTER SPLIT]
new_block=0x0xFFFF900000002240
new_block->size=0x0x0000000000000DA0
new_block->magic=0x0x00000000DEADC0DE
new_block->next=0x0xFFFF900000003000
[heap] SPLIT block=0x0xFFFF900000002020 alloc=0x0x0000000000000200 remainder=0x0xFFFF900000002240 rem_size=0x0x0000000000000DA0
[heap] KMALLOC ptr=0x0xFFFF900000002040 size=0x0x0000000000000200 ra0=0x0xFFFFFFFF8000830A ra1=0x0xFFFFFFFF800074B2 ra2=0x0x0000000000000000
[heap] KFREE ptr=0x0xFFFF900000002040 size=0x0x0000000000000200 ra0=0x0xFFFFFFFF80008362
[MERGE CHECK]
current=0x0xFFFF900000002020
expected_next=0x0xFFFF900000002240
actual_next=0x0xFFFF900000002240
[heap] MERGE into=0x0xFFFF900000002020 absorb=0x0xFFFF900000002240 new_size=0x0x0000000000000FC0
[OK] File dihapus!
[BEFORE SPLIT]
current=0x0xFFFF900000002020
current->size=0x0x0000000000000FC0
request=0x0x0000000000000200
header=0x0x0000000000000020
[AFTER SPLIT]
new_block=0x0xFFFF900000002240
new_block->size=0x0x0000000000000DA0
new_block->magic=0x0x00000000DEADC0DE
new_block->next=0x0xFFFF900000003000
[heap] SPLIT block=0x0xFFFF900000002020 alloc=0x0x0000000000000200 remainder=0x0xFFFF900000002240 rem_size=0x0x0000000000000DA0
[heap] KMALLOC ptr=0x0xFFFF900000002040 size=0x0x0000000000000200 ra0=0x0xFFFFFFFF80007B6C ra1=0x0xFFFFFFFF800072C4 ra2=0x0x0000000000000000
[heap] KFREE ptr=0x0xFFFF900000002040 size=0x0x0000000000000200 ra0=0x0xFFFFFFFF80007B80
[MERGE CHECK]
current=0x0xFFFF900000002020
expected_next=0x0xFFFF900000002240
actual_next=0x0xFFFF900000002240
[heap] MERGE into=0x0xFFFF900000002020 absorb=0x0xFFFF900000002240 new_size=0x0x0000000000000FC0
[BEFORE SPLIT]
current=0x0xFFFF900000002020
current->size=0x0x0000000000000FC0
request=0x0x0000000000000200
header=0x0x0000000000000020
[AFTER SPLIT]
new_block=0x0xFFFF900000002240
new_block->size=0x0x0000000000000DA0
new_block->magic=0x0x00000000DEADC0DE
new_block->next=0x0xFFFF900000003000
[heap] SPLIT block=0x0xFFFF900000002020 alloc=0x0x0000000000000200 remainder=0x0xFFFF900000002240 rem_size=0x0x0000000000000DA0
[heap] KMALLOC ptr=0x0xFFFF900000002040 size=0x0x0000000000000200 ra0=0x0xFFFFFFFF80007BAA ra1=0x0xFFFFFFFF800072C4 ra2=0x0x0000000000000000
[heap] KFREE ptr=0x0xFFFF900000002040 size=0x0x0000000000000200 ra0=0x0xFFFFFFFF8000804C
[MERGE CHECK]
current=0x0xFFFF900000002020
expected_next=0x0xFFFF900000002240
actual_next=0x0xFFFF900000002240
[heap] MERGE into=0x0xFFFF900000002020 absorb=0x0xFFFF900000002240 new_size=0x0x0000000000000FC0
 -> [SUKSES DITULIS KE DISK]
Modul 4 | Ukuran: 49328 Bytes
 -> Raw string: [/viewer.elf]
 -> Ekstrak Nama: [viewer.elf]
[BEFORE SPLIT]
current=0x0xFFFF900000002020
current->size=0x0x0000000000000FC0
request=0x0x0000000000000200
header=0x0x0000000000000020
[AFTER SPLIT]
new_block=0x0xFFFF900000002240
new_block->size=0x0x0000000000000DA0
new_block->magic=0x0x00000000DEADC0DE
new_block->next=0x0xFFFF900000003000
[heap] SPLIT block=0x0xFFFF900000002020 alloc=0x0x0000000000000200 remainder=0x0xFFFF900000002240 rem_size=0x0x0000000000000DA0
[heap] KMALLOC ptr=0x0xFFFF900000002040 size=0x0x0000000000000200 ra0=0x0xFFFFFFFF80008437 ra1=0x0xFFFFFFFF800074A2 ra2=0x0x0000000000000000
[heap] KFREE ptr=0x0xFFFF900000002040 size=0x0x0000000000000200 ra0=0x0xFFFFFFFF800084B3
[MERGE CHECK]
current=0x0xFFFF900000002020
expected_next=0x0xFFFF900000002240
actual_next=0x0xFFFF900000002240
[heap] MERGE into=0x0xFFFF900000002020 absorb=0x0xFFFF900000002240 new_size=0x0x0000000000000FC0
[BEFORE SPLIT]
current=0x0xFFFF900000002020
current->size=0x0x0000000000000FC0
request=0x0x0000000000000200
header=0x0x0000000000000020
[AFTER SPLIT]
new_block=0x0xFFFF900000002240
new_block->size=0x0x0000000000000DA0
new_block->magic=0x0x00000000DEADC0DE
new_block->next=0x0xFFFF900000003000
[heap] SPLIT block=0x0xFFFF900000002020 alloc=0x0x0000000000000200 remainder=0x0xFFFF900000002240 rem_size=0x0x0000000000000DA0
[heap] KMALLOC ptr=0x0xFFFF900000002040 size=0x0x0000000000000200 ra0=0x0xFFFFFFFF800081CE ra1=0x0xFFFFFFFF800074B2 ra2=0x0x0000000000000000
[heap] KFREE ptr=0x0xFFFF900000002040 size=0x0x0000000000000200 ra0=0x0xFFFFFFFF800082A2
[MERGE CHECK]
current=0x0xFFFF900000002020
expected_next=0x0xFFFF900000002240
actual_next=0x0xFFFF900000002240
[heap] MERGE into=0x0xFFFF900000002020 absorb=0x0xFFFF900000002240 new_size=0x0x0000000000000FC0
[BEFORE SPLIT]
current=0x0xFFFF900000002020
current->size=0x0x0000000000000FC0
request=0x0x0000000000000200
header=0x0x0000000000000020
[AFTER SPLIT]
new_block=0x0xFFFF900000002240
new_block->size=0x0x0000000000000DA0
new_block->magic=0x0x00000000DEADC0DE
new_block->next=0x0xFFFF900000003000
[heap] SPLIT block=0x0xFFFF900000002020 alloc=0x0x0000000000000200 remainder=0x0xFFFF900000002240 rem_size=0x0x0000000000000DA0
[heap] KMALLOC ptr=0x0xFFFF900000002040 size=0x0x0000000000000200 ra0=0x0xFFFFFFFF8000830A ra1=0x0xFFFFFFFF800074B2 ra2=0x0x0000000000000000
[heap] KFREE ptr=0x0xFFFF900000002040 size=0x0x0000000000000200 ra0=0x0xFFFFFFFF80008362
[MERGE CHECK]
current=0x0xFFFF900000002020
expected_next=0x0xFFFF900000002240
actual_next=0x0xFFFF900000002240
[heap] MERGE into=0x0xFFFF900000002020 absorb=0x0xFFFF900000002240 new_size=0x0x0000000000000FC0
[OK] File dihapus!
[BEFORE SPLIT]
current=0x0xFFFF900000002020
current->size=0x0x0000000000000FC0
request=0x0x0000000000000200
header=0x0x0000000000000020
[AFTER SPLIT]
new_block=0x0xFFFF900000002240
new_block->size=0x0x0000000000000DA0
new_block->magic=0x0x00000000DEADC0DE
new_block->next=0x0xFFFF900000003000
[heap] SPLIT block=0x0xFFFF900000002020 alloc=0x0x0000000000000200 remainder=0x0xFFFF900000002240 rem_size=0x0x0000000000000DA0
[heap] KMALLOC ptr=0x0xFFFF900000002040 size=0x0x0000000000000200 ra0=0x0xFFFFFFFF80007B6C ra1=0x0xFFFFFFFF800072C4 ra2=0x0x0000000000000000
[heap] KFREE ptr=0x0xFFFF900000002040 size=0x0x0000000000000200 ra0=0x0xFFFFFFFF80007B80
[MERGE CHECK]
current=0x0xFFFF900000002020
expected_next=0x0xFFFF900000002240
actual_next=0x0xFFFF900000002240
[heap] MERGE into=0x0xFFFF900000002020 absorb=0x0xFFFF900000002240 new_size=0x0x0000000000000FC0
[BEFORE SPLIT]
current=0x0xFFFF900000002020
current->size=0x0x0000000000000FC0
request=0x0x0000000000000200
header=0x0x0000000000000020
[AFTER SPLIT]
new_block=0x0xFFFF900000002240
new_block->size=0x0x0000000000000DA0
new_block->magic=0x0x00000000DEADC0DE
new_block->next=0x0xFFFF900000003000
[heap] SPLIT block=0x0xFFFF900000002020 alloc=0x0x0000000000000200 remainder=0x0xFFFF900000002240 rem_size=0x0x0000000000000DA0
[heap] KMALLOC ptr=0x0xFFFF900000002040 size=0x0x0000000000000200 ra0=0x0xFFFFFFFF80007BAA ra1=0x0xFFFFFFFF800072C4 ra2=0x0x0000000000000000
[heap] KFREE ptr=0x0xFFFF900000002040 size=0x0x0000000000000200 ra0=0x0xFFFFFFFF8000804C
[MERGE CHECK]
current=0x0xFFFF900000002020
expected_next=0x0xFFFF900000002240
actual_next=0x0xFFFF900000002240
[heap] MERGE into=0x0xFFFF900000002020 absorb=0x0xFFFF900000002240 new_size=0x0x0000000000000FC0
 -> [SUKSES DITULIS KE DISK]
Modul 5 | Ukuran: 18408 Bytes
 -> Raw string: [/clock.elf]
 -> Ekstrak Nama: [clock.elf]
[BEFORE SPLIT]
current=0x0xFFFF900000002020
current->size=0x0x0000000000000FC0
request=0x0x0000000000000200
header=0x0x0000000000000020
[AFTER SPLIT]
new_block=0x0xFFFF900000002240
new_block->size=0x0x0000000000000DA0
new_block->magic=0x0x00000000DEADC0DE
new_block->next=0x0xFFFF900000003000
[heap] SPLIT block=0x0xFFFF900000002020 alloc=0x0x0000000000000200 remainder=0x0xFFFF900000002240 rem_size=0x0x0000000000000DA0
[heap] KMALLOC ptr=0x0xFFFF900000002040 size=0x0x0000000000000200 ra0=0x0xFFFFFFFF80008437 ra1=0x0xFFFFFFFF800074A2 ra2=0x0x0000000000000000
[heap] KFREE ptr=0x0xFFFF900000002040 size=0x0x0000000000000200 ra0=0x0xFFFFFFFF800084B3
[MERGE CHECK]
current=0x0xFFFF900000002020
expected_next=0x0xFFFF900000002240
actual_next=0x0xFFFF900000002240
[heap] MERGE into=0x0xFFFF900000002020 absorb=0x0xFFFF900000002240 new_size=0x0x0000000000000FC0
[BEFORE SPLIT]
current=0x0xFFFF900000002020
current->size=0x0x0000000000000FC0
request=0x0x0000000000000200
header=0x0x0000000000000020
[AFTER SPLIT]
new_block=0x0xFFFF900000002240
new_block->size=0x0x0000000000000DA0
new_block->magic=0x0x00000000DEADC0DE
new_block->next=0x0xFFFF900000003000
[heap] SPLIT block=0x0xFFFF900000002020 alloc=0x0x0000000000000200 remainder=0x0xFFFF900000002240 rem_size=0x0x0000000000000DA0
[heap] KMALLOC ptr=0x0xFFFF900000002040 size=0x0x0000000000000200 ra0=0x0xFFFFFFFF800081CE ra1=0x0xFFFFFFFF800074B2 ra2=0x0x0000000000000000
[heap] KFREE ptr=0x0xFFFF900000002040 size=0x0x0000000000000200 ra0=0x0xFFFFFFFF800082A2
[MERGE CHECK]
current=0x0xFFFF900000002020
expected_next=0x0xFFFF900000002240
actual_next=0x0xFFFF900000002240
[heap] MERGE into=0x0xFFFF900000002020 absorb=0x0xFFFF900000002240 new_size=0x0x0000000000000FC0
[BEFORE SPLIT]
current=0x0xFFFF900000002020
current->size=0x0x0000000000000FC0
request=0x0x0000000000000200
header=0x0x0000000000000020
[AFTER SPLIT]
new_block=0x0xFFFF900000002240
new_block->size=0x0x0000000000000DA0
new_block->magic=0x0x00000000DEADC0DE
new_block->next=0x0xFFFF900000003000
[heap] SPLIT block=0x0xFFFF900000002020 alloc=0x0x0000000000000200 remainder=0x0xFFFF900000002240 rem_size=0x0x0000000000000DA0
[heap] KMALLOC ptr=0x0xFFFF900000002040 size=0x0x0000000000000200 ra0=0x0xFFFFFFFF8000830A ra1=0x0xFFFFFFFF800074B2 ra2=0x0x0000000000000000
[heap] KFREE ptr=0x0xFFFF900000002040 size=0x0x0000000000000200 ra0=0x0xFFFFFFFF80008362
[MERGE CHECK]
current=0x0xFFFF900000002020
expected_next=0x0xFFFF900000002240
actual_next=0x0xFFFF900000002240
[heap] MERGE into=0x0xFFFF900000002020 absorb=0x0xFFFF900000002240 new_size=0x0x0000000000000FC0
[OK] File dihapus!
[BEFORE SPLIT]
current=0x0xFFFF900000002020
current->size=0x0x0000000000000FC0
request=0x0x0000000000000200
header=0x0x0000000000000020
[AFTER SPLIT]
new_block=0x0xFFFF900000002240
new_block->size=0x0x0000000000000DA0
new_block->magic=0x0x00000000DEADC0DE
new_block->next=0x0xFFFF900000003000
[heap] SPLIT block=0x0xFFFF900000002020 alloc=0x0x0000000000000200 remainder=0x0xFFFF900000002240 rem_size=0x0x0000000000000DA0
[heap] KMALLOC ptr=0x0xFFFF900000002040 size=0x0x0000000000000200 ra0=0x0xFFFFFFFF80007B6C ra1=0x0xFFFFFFFF800072C4 ra2=0x0x0000000000000000
[heap] KFREE ptr=0x0xFFFF900000002040 size=0x0x0000000000000200 ra0=0x0xFFFFFFFF80007B80
[MERGE CHECK]
current=0x0xFFFF900000002020
expected_next=0x0xFFFF900000002240
actual_next=0x0xFFFF900000002240
[heap] MERGE into=0x0xFFFF900000002020 absorb=0x0xFFFF900000002240 new_size=0x0x0000000000000FC0
[BEFORE SPLIT]
current=0x0xFFFF900000002020
current->size=0x0x0000000000000FC0
request=0x0x0000000000000200
header=0x0x0000000000000020
[AFTER SPLIT]
new_block=0x0xFFFF900000002240
new_block->size=0x0x0000000000000DA0
new_block->magic=0x0x00000000DEADC0DE
new_block->next=0x0xFFFF900000003000
[heap] SPLIT block=0x0xFFFF900000002020 alloc=0x0x0000000000000200 remainder=0x0xFFFF900000002240 rem_size=0x0x0000000000000DA0
[heap] KMALLOC ptr=0x0xFFFF900000002040 size=0x0x0000000000000200 ra0=0x0xFFFFFFFF80007BAA ra1=0x0xFFFFFFFF800072C4 ra2=0x0x0000000000000000
[heap] KFREE ptr=0x0xFFFF900000002040 size=0x0x0000000000000200 ra0=0x0xFFFFFFFF8000804C
[MERGE CHECK]
current=0x0xFFFF900000002020
expected_next=0x0xFFFF900000002240
actual_next=0x0xFFFF900000002240
[heap] MERGE into=0x0xFFFF900000002020 absorb=0x0xFFFF900000002240 new_size=0x0x0000000000000FC0
 -> [SUKSES DITULIS KE DISK]
Modul 6 | Ukuran: 22816 Bytes
 -> Raw string: [/calc.elf]
 -> Ekstrak Nama: [calc.elf]
[BEFORE SPLIT]
current=0x0xFFFF900000002020
current->size=0x0x0000000000000FC0
request=0x0x0000000000000200
header=0x0x0000000000000020
[AFTER SPLIT]
new_block=0x0xFFFF900000002240
new_block->size=0x0x0000000000000DA0
new_block->magic=0x0x00000000DEADC0DE
new_block->next=0x0xFFFF900000003000
[heap] SPLIT block=0x0xFFFF900000002020 alloc=0x0x0000000000000200 remainder=0x0xFFFF900000002240 rem_size=0x0x0000000000000DA0
[heap] KMALLOC ptr=0x0xFFFF900000002040 size=0x0x0000000000000200 ra0=0x0xFFFFFFFF80008437 ra1=0x0xFFFFFFFF800074A2 ra2=0x0x0000000000000000
[heap] KFREE ptr=0x0xFFFF900000002040 size=0x0x0000000000000200 ra0=0x0xFFFFFFFF800084B3
[MERGE CHECK]
current=0x0xFFFF900000002020
expected_next=0x0xFFFF900000002240
actual_next=0x0xFFFF900000002240
[heap] MERGE into=0x0xFFFF900000002020 absorb=0x0xFFFF900000002240 new_size=0x0x0000000000000FC0
[BEFORE SPLIT]
current=0x0xFFFF900000002020
current->size=0x0x0000000000000FC0
request=0x0x0000000000000200
header=0x0x0000000000000020
[AFTER SPLIT]
new_block=0x0xFFFF900000002240
new_block->size=0x0x0000000000000DA0
new_block->magic=0x0x00000000DEADC0DE
new_block->next=0x0xFFFF900000003000
[heap] SPLIT block=0x0xFFFF900000002020 alloc=0x0x0000000000000200 remainder=0x0xFFFF900000002240 rem_size=0x0x0000000000000DA0
[heap] KMALLOC ptr=0x0xFFFF900000002040 size=0x0x0000000000000200 ra0=0x0xFFFFFFFF800081CE ra1=0x0xFFFFFFFF800074B2 ra2=0x0x0000000000000000
[heap] KFREE ptr=0x0xFFFF900000002040 size=0x0x0000000000000200 ra0=0x0xFFFFFFFF800082A2
[MERGE CHECK]
current=0x0xFFFF900000002020
expected_next=0x0xFFFF900000002240
actual_next=0x0xFFFF900000002240
[heap] MERGE into=0x0xFFFF900000002020 absorb=0x0xFFFF900000002240 new_size=0x0x0000000000000FC0
[BEFORE SPLIT]
current=0x0xFFFF900000002020
current->size=0x0x0000000000000FC0
request=0x0x0000000000000200
header=0x0x0000000000000020
[AFTER SPLIT]
new_block=0x0xFFFF900000002240
new_block->size=0x0x0000000000000DA0
new_block->magic=0x0x00000000DEADC0DE
new_block->next=0x0xFFFF900000003000
[heap] SPLIT block=0x0xFFFF900000002020 alloc=0x0x0000000000000200 remainder=0x0xFFFF900000002240 rem_size=0x0x0000000000000DA0
[heap] KMALLOC ptr=0x0xFFFF900000002040 size=0x0x0000000000000200 ra0=0x0xFFFFFFFF8000830A ra1=0x0xFFFFFFFF800074B2 ra2=0x0x0000000000000000
[heap] KFREE ptr=0x0xFFFF900000002040 size=0x0x0000000000000200 ra0=0x0xFFFFFFFF80008362
[MERGE CHECK]
current=0x0xFFFF900000002020
expected_next=0x0xFFFF900000002240
actual_next=0x0xFFFF900000002240
[heap] MERGE into=0x0xFFFF900000002020 absorb=0x0xFFFF900000002240 new_size=0x0x0000000000000FC0
[OK] File dihapus!
[BEFORE SPLIT]
current=0x0xFFFF900000002020
current->size=0x0x0000000000000FC0
request=0x0x0000000000000200
header=0x0x0000000000000020
[AFTER SPLIT]
new_block=0x0xFFFF900000002240
new_block->size=0x0x0000000000000DA0
new_block->magic=0x0x00000000DEADC0DE
new_block->next=0x0xFFFF900000003000
[heap] SPLIT block=0x0xFFFF900000002020 alloc=0x0x0000000000000200 remainder=0x0xFFFF900000002240 rem_size=0x0x0000000000000DA0
[heap] KMALLOC ptr=0x0xFFFF900000002040 size=0x0x0000000000000200 ra0=0x0xFFFFFFFF80007B6C ra1=0x0xFFFFFFFF800072C4 ra2=0x0x0000000000000000
[heap] KFREE ptr=0x0xFFFF900000002040 size=0x0x0000000000000200 ra0=0x0xFFFFFFFF80007B80
[MERGE CHECK]
current=0x0xFFFF900000002020
expected_next=0x0xFFFF900000002240
actual_next=0x0xFFFF900000002240
[heap] MERGE into=0x0xFFFF900000002020 absorb=0x0xFFFF900000002240 new_size=0x0x0000000000000FC0
[BEFORE SPLIT]
current=0x0xFFFF900000002020
current->size=0x0x0000000000000FC0
request=0x0x0000000000000200
header=0x0x0000000000000020
[AFTER SPLIT]
new_block=0x0xFFFF900000002240
new_block->size=0x0x0000000000000DA0
new_block->magic=0x0x00000000DEADC0DE
new_block->next=0x0xFFFF900000003000
[heap] SPLIT block=0x0xFFFF900000002020 alloc=0x0x0000000000000200 remainder=0x0xFFFF900000002240 rem_size=0x0x0000000000000DA0
[heap] KMALLOC ptr=0x0xFFFF900000002040 size=0x0x0000000000000200 ra0=0x0xFFFFFFFF80007BAA ra1=0x0xFFFFFFFF800072C4 ra2=0x0x0000000000000000
[heap] KFREE ptr=0x0xFFFF900000002040 size=0x0x0000000000000200 ra0=0x0xFFFFFFFF8000804C
[MERGE CHECK]
current=0x0xFFFF900000002020
expected_next=0x0xFFFF900000002240
actual_next=0x0xFFFF900000002240
[heap] MERGE into=0x0xFFFF900000002020 absorb=0x0xFFFF900000002240 new_size=0x0x0000000000000FC0
 -> [SUKSES DITULIS KE DISK]
Modul 7 | Ukuran: 17936 Bytes
 -> Raw string: [/taskmgr.elf]
 -> Ekstrak Nama: [taskmgr.elf]
[BEFORE SPLIT]
current=0x0xFFFF900000002020
current->size=0x0x0000000000000FC0
request=0x0x0000000000000200
header=0x0x0000000000000020
[AFTER SPLIT]
new_block=0x0xFFFF900000002240
new_block->size=0x0x0000000000000DA0
new_block->magic=0x0x00000000DEADC0DE
new_block->next=0x0xFFFF900000003000
[heap] SPLIT block=0x0xFFFF900000002020 alloc=0x0x0000000000000200 remainder=0x0xFFFF900000002240 rem_size=0x0x0000000000000DA0
[heap] KMALLOC ptr=0x0xFFFF900000002040 size=0x0x0000000000000200 ra0=0x0xFFFFFFFF80008437 ra1=0x0xFFFFFFFF800074A2 ra2=0x0x0000000000000000
[heap] KFREE ptr=0x0xFFFF900000002040 size=0x0x0000000000000200 ra0=0x0xFFFFFFFF800084B3
[MERGE CHECK]
current=0x0xFFFF900000002020
expected_next=0x0xFFFF900000002240
actual_next=0x0xFFFF900000002240
[heap] MERGE into=0x0xFFFF900000002020 absorb=0x0xFFFF900000002240 new_size=0x0x0000000000000FC0
[BEFORE SPLIT]
current=0x0xFFFF900000002020
current->size=0x0x0000000000000FC0
request=0x0x0000000000000200
header=0x0x0000000000000020
[AFTER SPLIT]
new_block=0x0xFFFF900000002240
new_block->size=0x0x0000000000000DA0
new_block->magic=0x0x00000000DEADC0DE
new_block->next=0x0xFFFF900000003000
[heap] SPLIT block=0x0xFFFF900000002020 alloc=0x0x0000000000000200 remainder=0x0xFFFF900000002240 rem_size=0x0x0000000000000DA0
[heap] KMALLOC ptr=0x0xFFFF900000002040 size=0x0x0000000000000200 ra0=0x0xFFFFFFFF800081CE ra1=0x0xFFFFFFFF800074B2 ra2=0x0x0000000000000000
[heap] KFREE ptr=0x0xFFFF900000002040 size=0x0x0000000000000200 ra0=0x0xFFFFFFFF800082A2
[MERGE CHECK]
current=0x0xFFFF900000002020
expected_next=0x0xFFFF900000002240
actual_next=0x0xFFFF900000002240
[heap] MERGE into=0x0xFFFF900000002020 absorb=0x0xFFFF900000002240 new_size=0x0x0000000000000FC0
[BEFORE SPLIT]
current=0x0xFFFF900000002020
current->size=0x0x0000000000000FC0
request=0x0x0000000000000200
header=0x0x0000000000000020
[AFTER SPLIT]
new_block=0x0xFFFF900000002240
new_block->size=0x0x0000000000000DA0
new_block->magic=0x0x00000000DEADC0DE
new_block->next=0x0xFFFF900000003000
[heap] SPLIT block=0x0xFFFF900000002020 alloc=0x0x0000000000000200 remainder=0x0xFFFF900000002240 rem_size=0x0x0000000000000DA0
[heap] KMALLOC ptr=0x0xFFFF900000002040 size=0x0x0000000000000200 ra0=0x0xFFFFFFFF8000830A ra1=0x0xFFFFFFFF800074B2 ra2=0x0x0000000000000000
[heap] KFREE ptr=0x0xFFFF900000002040 size=0x0x0000000000000200 ra0=0x0xFFFFFFFF80008362
[MERGE CHECK]
current=0x0xFFFF900000002020
expected_next=0x0xFFFF900000002240
actual_next=0x0xFFFF900000002240
[heap] MERGE into=0x0xFFFF900000002020 absorb=0x0xFFFF900000002240 new_size=0x0x0000000000000FC0
[OK] File dihapus!
[BEFORE SPLIT]
current=0x0xFFFF900000002020
current->size=0x0x0000000000000FC0
request=0x0x0000000000000200
header=0x0x0000000000000020
[AFTER SPLIT]
new_block=0x0xFFFF900000002240
new_block->size=0x0x0000000000000DA0
new_block->magic=0x0x00000000DEADC0DE
new_block->next=0x0xFFFF900000003000
[heap] SPLIT block=0x0xFFFF900000002020 alloc=0x0x0000000000000200 remainder=0x0xFFFF900000002240 rem_size=0x0x0000000000000DA0
[heap] KMALLOC ptr=0x0xFFFF900000002040 size=0x0x0000000000000200 ra0=0x0xFFFFFFFF80007B6C ra1=0x0xFFFFFFFF800072C4 ra2=0x0x0000000000000000
[heap] KFREE ptr=0x0xFFFF900000002040 size=0x0x0000000000000200 ra0=0x0xFFFFFFFF80007B80
[MERGE CHECK]
current=0x0xFFFF900000002020
expected_next=0x0xFFFF900000002240
actual_next=0x0xFFFF900000002240
[heap] MERGE into=0x0xFFFF900000002020 absorb=0x0xFFFF900000002240 new_size=0x0x0000000000000FC0
[BEFORE SPLIT]
current=0x0xFFFF900000002020
current->size=0x0x0000000000000FC0
request=0x0x0000000000000200
header=0x0x0000000000000020
[AFTER SPLIT]
new_block=0x0xFFFF900000002240
new_block->size=0x0x0000000000000DA0
new_block->magic=0x0x00000000DEADC0DE
new_block->next=0x0xFFFF900000003000
[heap] SPLIT block=0x0xFFFF900000002020 alloc=0x0x0000000000000200 remainder=0x0xFFFF900000002240 rem_size=0x0x0000000000000DA0
[heap] KMALLOC ptr=0x0xFFFF900000002040 size=0x0x0000000000000200 ra0=0x0xFFFFFFFF80007BAA ra1=0x0xFFFFFFFF800072C4 ra2=0x0x0000000000000000
[heap] KFREE ptr=0x0xFFFF900000002040 size=0x0x0000000000000200 ra0=0x0xFFFFFFFF8000804C
[MERGE CHECK]
current=0x0xFFFF900000002020
expected_next=0x0xFFFF900000002240
actual_next=0x0xFFFF900000002240
[heap] MERGE into=0x0xFFFF900000002020 absorb=0x0xFFFF900000002240 new_size=0x0x0000000000000FC0
 -> [SUKSES DITULIS KE DISK]
Modul 8 | Ukuran: 18200 Bytes
 -> Raw string: [/notepad.elf]
 -> Ekstrak Nama: [notepad.elf]
[BEFORE SPLIT]
current=0x0xFFFF900000002020
current->size=0x0x0000000000000FC0
request=0x0x0000000000000200
header=0x0x0000000000000020
[AFTER SPLIT]
new_block=0x0xFFFF900000002240
new_block->size=0x0x0000000000000DA0
new_block->magic=0x0x00000000DEADC0DE
new_block->next=0x0xFFFF900000003000
[heap] SPLIT block=0x0xFFFF900000002020 alloc=0x0x0000000000000200 remainder=0x0xFFFF900000002240 rem_size=0x0x0000000000000DA0
[heap] KMALLOC ptr=0x0xFFFF900000002040 size=0x0x0000000000000200 ra0=0x0xFFFFFFFF80008437 ra1=0x0xFFFFFFFF800074A2 ra2=0x0x0000000000000000
[heap] KFREE ptr=0x0xFFFF900000002040 size=0x0x0000000000000200 ra0=0x0xFFFFFFFF800084B3
[MERGE CHECK]
current=0x0xFFFF900000002020
expected_next=0x0xFFFF900000002240
actual_next=0x0xFFFF900000002240
[heap] MERGE into=0x0xFFFF900000002020 absorb=0x0xFFFF900000002240 new_size=0x0x0000000000000FC0
[BEFORE SPLIT]
current=0x0xFFFF900000002020
current->size=0x0x0000000000000FC0
request=0x0x0000000000000200
header=0x0x0000000000000020
[AFTER SPLIT]
new_block=0x0xFFFF900000002240
new_block->size=0x0x0000000000000DA0
new_block->magic=0x0x00000000DEADC0DE
new_block->next=0x0xFFFF900000003000
[heap] SPLIT block=0x0xFFFF900000002020 alloc=0x0x0000000000000200 remainder=0x0xFFFF900000002240 rem_size=0x0x0000000000000DA0
[heap] KMALLOC ptr=0x0xFFFF900000002040 size=0x0x0000000000000200 ra0=0x0xFFFFFFFF800081CE ra1=0x0xFFFFFFFF800074B2 ra2=0x0x0000000000000000
[heap] KFREE ptr=0x0xFFFF900000002040 size=0x0x0000000000000200 ra0=0x0xFFFFFFFF800082A2
[MERGE CHECK]
current=0x0xFFFF900000002020
expected_next=0x0xFFFF900000002240
actual_next=0x0xFFFF900000002240
[heap] MERGE into=0x0xFFFF900000002020 absorb=0x0xFFFF900000002240 new_size=0x0x0000000000000FC0
[BEFORE SPLIT]
current=0x0xFFFF900000002020
current->size=0x0x0000000000000FC0
request=0x0x0000000000000200
header=0x0x0000000000000020
[AFTER SPLIT]
new_block=0x0xFFFF900000002240
new_block->size=0x0x0000000000000DA0
new_block->magic=0x0x00000000DEADC0DE
new_block->next=0x0xFFFF900000003000
[heap] SPLIT block=0x0xFFFF900000002020 alloc=0x0x0000000000000200 remainder=0x0xFFFF900000002240 rem_size=0x0x0000000000000DA0
[heap] KMALLOC ptr=0x0xFFFF900000002040 size=0x0x0000000000000200 ra0=0x0xFFFFFFFF8000830A ra1=0x0xFFFFFFFF800074B2 ra2=0x0x0000000000000000
[heap] KFREE ptr=0x0xFFFF900000002040 size=0x0x0000000000000200 ra0=0x0xFFFFFFFF80008362
[MERGE CHECK]
current=0x0xFFFF900000002020
expected_next=0x0xFFFF900000002240
actual_next=0x0xFFFF900000002240
[heap] MERGE into=0x0xFFFF900000002020 absorb=0x0xFFFF900000002240 new_size=0x0x0000000000000FC0
[OK] File dihapus!
[BEFORE SPLIT]
current=0x0xFFFF900000002020
current->size=0x0x0000000000000FC0
request=0x0x0000000000000200
header=0x0x0000000000000020
[AFTER SPLIT]
new_block=0x0xFFFF900000002240
new_block->size=0x0x0000000000000DA0
new_block->magic=0x0x00000000DEADC0DE
new_block->next=0x0xFFFF900000003000
[heap] SPLIT block=0x0xFFFF900000002020 alloc=0x0x0000000000000200 remainder=0x0xFFFF900000002240 rem_size=0x0x0000000000000DA0
[heap] KMALLOC ptr=0x0xFFFF900000002040 size=0x0x0000000000000200 ra0=0x0xFFFFFFFF80007B6C ra1=0x0xFFFFFFFF800072C4 ra2=0x0x0000000000000000
[heap] KFREE ptr=0x0xFFFF900000002040 size=0x0x0000000000000200 ra0=0x0xFFFFFFFF80007B80
[MERGE CHECK]
current=0x0xFFFF900000002020
expected_next=0x0xFFFF900000002240
actual_next=0x0xFFFF900000002240
[heap] MERGE into=0x0xFFFF900000002020 absorb=0x0xFFFF900000002240 new_size=0x0x0000000000000FC0
[BEFORE SPLIT]
current=0x0xFFFF900000002020
current->size=0x0x0000000000000FC0
request=0x0x0000000000000200
header=0x0x0000000000000020
[AFTER SPLIT]
new_block=0x0xFFFF900000002240
new_block->size=0x0x0000000000000DA0
new_block->magic=0x0x00000000DEADC0DE
new_block->next=0x0xFFFF900000003000
[heap] SPLIT block=0x0xFFFF900000002020 alloc=0x0x0000000000000200 remainder=0x0xFFFF900000002240 rem_size=0x0x0000000000000DA0
[heap] KMALLOC ptr=0x0xFFFF900000002040 size=0x0x0000000000000200 ra0=0x0xFFFFFFFF80007BAA ra1=0x0xFFFFFFFF800072C4 ra2=0x0x0000000000000000
[heap] KFREE ptr=0x0xFFFF900000002040 size=0x0x0000000000000200 ra0=0x0xFFFFFFFF8000804C
[MERGE CHECK]
current=0x0xFFFF900000002020
expected_next=0x0xFFFF900000002240
actual_next=0x0xFFFF900000002240
[heap] MERGE into=0x0xFFFF900000002020 absorb=0x0xFFFF900000002240 new_size=0x0x0000000000000FC0
 -> [SUKSES DITULIS KE DISK]
--------------------------

[net] Initializing network stack...
[net] lwIP initialized
[e1000] Initializing Intel 82540EM driver...
[e1000] Found at PCI 0:3.0 device=0x4110
[e1000] MMIO @ phys=0x4273733632 virt=0xÿ8446603340494929920
[e1000] MAC: 52:54:00:12:34:56
[e1000] TX ring initialized
[e1000] RX ring initialized
[e1000] Initialization complete!
[kyuzen_netif] Hardware initialized, interface 'kz' ready
[net] Network interface 'kz' registered and up
[net] DHCP started â€” waiting for IP assignment...
[e1000] RX pkt len=590
[e1000] RX pkt len=590
[net] DHCP complete!
[net] DNS configured: 8.8.8.8 (primary), 1.1.1.1 (secondary)
[net] === Network Configuration ===
[net] IP   : 10.0.2.15
[net] Mask : 255.255.255.0
[net] GW   : 10.0.2.2
[net] MAC  : 52:54:00:12:34:56
[net] ================================


[TEST] ===== Concurrency tests (Fase 1-5) =====
[TEST] Online CPUs: 4
[TEST] sleep queue ... PASS
[TEST] semaphore ... PASS
[VMM] kmap va=0xFFFF9000000F9000 pa=0x0000000004A1E000
[VMM] kmap va=0xFFFF9000000FA000 pa=0x0000000004A1F000
[VMM] kmap va=0xFFFF9000000FB000 pa=0x0000000004A20000
[BEFORE SPLIT]
current=0x0xFFFF9000000F9000
current->size=0x0x0000000000002FE0
request=0x0x0000000000002000
header=0x0x0000000000000020
[AFTER SPLIT]
new_block=0x0xFFFF9000000FB020
new_block->size=0x0x0000000000000FC0
new_block->magic=0x0x00000000DEADC0DE
new_block->next=0x0x0000000000000000
[heap] SPLIT block=0x0xFFFF9000000F9000 alloc=0x0x0000000000002000 remainder=0x0xFFFF9000000FB020 rem_size=0x0x0000000000000FC0
[heap] KMALLOC ptr=0x0xFFFF9000000F9020 size=0x0x0000000000002000 ra0=0x0xFFFFFFFF80011C64 ra1=0x0xFFFFFFFF80016235 ra2=0x0xFFFFFFFF80007262
[VMM] kmap va=0xFFFF9000000FC000 pa=0x0000000004A21000
[VMM] kmap va=0xFFFF9000000FD000 pa=0x0000000004A22000
[VMM] kmap va=0xFFFF9000000FE000 pa=0x0000000004A23000
[BEFORE SPLIT]
current=0x0xFFFF9000000FC000
current->size=0x0x0000000000002FE0
request=0x0x0000000000002000
header=0x0x0000000000000020
[AFTER SPLIT]
new_block=0x0xFFFF9000000FE020
new_block->size=0x0x0000000000000FC0
new_block->magic=0x0x00000000DEADC0DE
new_block->next=0x0x0000000000000000
[heap] SPLIT block=0x0xFFFF9000000FC000 alloc=0x0x0000000000002000 remainder=0x0xFFFF9000000FE020 rem_size=0x0x0000000000000FC0
[heap] KMALLOC ptr=0x0xFFFF9000000FC020 size=0x0x0000000000002000 ra0=0x0xFFFFFFFF80011C64 ra1=0x0xFFFFFFFF80016248 ra2=0x0xFFFFFFFF80007262
[VMM] kmap va=0xFFFF9000000FF000 pa=0x0000000004A24000
[VMM] kmap va=0xFFFF900000100000 pa=0x0000000004A25000
[VMM] kmap va=0xFFFF900000101000 pa=0x0000000004A26000
[BEFORE SPLIT]
current=0x0xFFFF9000000FF000
current->size=0x0x0000000000002FE0
request=0x0x0000000000002000
header=0x0x0000000000000020
[AFTER SPLIT]
new_block=0x0xFFFF900000101020
new_block->size=0x0x0000000000000FC0
new_block->magic=0x0x00000000DEADC0DE
new_block->next=0x0x0000000000000000
[heap] SPLIT block=0x0xFFFF9000000FF000 alloc=0x0x0000000000002000 remainder=0x0xFFFF900000101020 rem_size=0x0x0000000000000FC0
[heap] KMALLOC ptr=0x0xFFFF9000000FF020 size=0x0x0000000000002000 ra0=0x0xFFFFFFFF80011C64 ra1=0x0xFFFFFFFF8001625B ra2=0x0xFFFFFFFF80007262
[VMM] kmap va=0xFFFF900000102000 pa=0x0000000004A27000
[VMM] kmap va=0xFFFF900000103000 pa=0x0000000004A28000
[VMM] kmap va=0xFFFF900000104000 pa=0x0000000004A29000
[BEFORE SPLIT]
current=0x0xFFFF900000102000
current->size=0x0x0000000000002FE0
request=0x0x0000000000002000
header=0x0x0000000000000020
[AFTER SPLIT]
new_block=0x0xFFFF900000104020
new_block->size=0x0x0000000000000FC0
new_block->magic=0x0x00000000DEADC0DE
new_block->next=0x0x0000000000000000
[heap] SPLIT block=0x0xFFFF900000102000 alloc=0x0x0000000000002000 remainder=0x0xFFFF900000104020 rem_size=0x0x0000000000000FC0
[heap] KMALLOC ptr=0x0xFFFF900000102020 size=0x0x0000000000002000 ra0=0x0xFFFFFFFF80011C64 ra1=0x0xFFFFFFFF8001626E ra2=0x0xFFFFFFFF80007262
[heap] KFREE ptr=0x0xFFFF900000102020 size=0x0x0000000000002000 ra0=0x0xFFFFFFFF8001148E
[MERGE CHECK]
current=0x0xFFFF900000101020
expected_next=0x0xFFFF900000102000
actual_next=0x0xFFFF900000102000
[heap] MERGE into=0x0xFFFF900000101020 absorb=0x0xFFFF900000102000 new_size=0x0x0000000000002FE0
[MERGE CHECK]
current=0x0xFFFF900000101020
expected_next=0x0xFFFF900000104020
actual_next=0x0xFFFF900000104020
[heap] MERGE into=0x0xFFFF900000101020 absorb=0x0xFFFF900000104020 new_size=0x0x0000000000003FC0
[heap] KFREE ptr=0x0xFFFF9000000FC020 size=0x0x0000000000002000 ra0=0x0xFFFFFFFF8001148E
[MERGE CHECK]
current=0x0xFFFF9000000FB020
expected_next=0x0xFFFF9000000FC000
actual_next=0x0xFFFF9000000FC000
[heap] MERGE into=0x0xFFFF9000000FB020 absorb=0x0xFFFF9000000FC000 new_size=0x0x0000000000002FE0
[MERGE CHECK]
current=0x0xFFFF9000000FB020
expected_next=0x0xFFFF9000000FE020
actual_next=0x0xFFFF9000000FE020
[heap] MERGE into=0x0xFFFF9000000FB020 absorb=0x0xFFFF9000000FE020 new_size=0x0x0000000000003FC0
[heap] KFREE ptr=0x0xFFFF9000000FF020 size=0x0x0000000000002000 ra0=0x0xFFFFFFFF8001148E
[MERGE CHECK]
current=0x0xFFFF9000000FB020
expected_next=0x0xFFFF9000000FF000
actual_next=0x0xFFFF9000000FF000
[heap] MERGE into=0x0xFFFF9000000FB020 absorb=0x0xFFFF9000000FF000 new_size=0x0x0000000000005FE0
[MERGE CHECK]
current=0x0xFFFF9000000FB020
expected_next=0x0xFFFF900000101020
actual_next=0x0xFFFF900000101020
[heap] MERGE into=0x0xFFFF9000000FB020 absorb=0x0xFFFF900000101020 new_size=0x0x0000000000009FC0
[heap] KFREE ptr=0x0xFFFF9000000F9020 size=0x0x0000000000002000 ra0=0x[TES0xFFFFFFFF8001148E
[MERGE CHECK]
current=0x0xFFFF9000000F8020
expected_next=0x0xFFFF9000000F9000
actual_next=0x0xFFFF9000000F9000
[heap] MERGE into=0x0xFFFF9000000F8020 absorb=0x0xFFFF9000000F9000 new_size=0x0x00T] 00000000002FE0
[MERGE CHECK]
current=0x0xFFFF9000000F8020
expected_next=0xm0xFFFF9000000FB020
actual_next=0xutex SMP0xFFFF9000000FB020
[heap] MERG ... PASS
E into=0x0xFFFF9000000F8020 absorb=0x0xFFFF9000000FB020 new_size=0x0x000000000000CFC0
[BEFORE SPLIT]
current=0x0xFFFF9000000F8020
current->size=0x0x000000000000CFC0
request=0x0x0000000000002000
header=0x0x0000000000000020
[AFTER SPLIT]
new_block=0x0xFFFF9000000FA040
new_block->size=0x0x000000000000AFA0
new_block->magic=0x0x00000000DEADC0DE
new_block->next=0x0x0000000000000000
[heap] SPLIT block=0x0xFFFF9000000F8020 alloc=0x0x0000000000002000 remainder=0x0xFFFF9000000FA040 rem_size=0x0x000000000000AFA0
[heap] KMALLOC ptr=0x0xFFFF9000000F8040 size=0x0x0000000000002000 ra0=0x0xFFFFFFFF80011C64 ra1=0x0xFFFFFFFF800162F8 ra2=0x0xFFFFFFFF80007262
[heap] KFREE ptr=0x0xFFFF9000000F8040 size=0x0x0000000000002000 ra0=0x0xFFFFFFFF8001148E
[MERGE CHECK]
current=0x0xFFFF9000000F8020
expected_next=0x0xFFFF9000000FA040
actual_next=0x0xFFFF9000000FA040
[heap] MERGE into=0x0xFFFF9000000F8020 absorb=0x0xFFFF9000000FA040 new_size=0x0x000000000000CFC0
[TEST] condvar ... PASS
[BEFORE SPLIT]
current=0x0xFFFF9000000F8020
current->size=0x0x000000000000CFC0
request=0x0x0000000000002000
header=0x0x0000000000000020
[AFTER SPLIT]
new_block=0x0xFFFF9000000FA040
new_block->size=0x0x000000000000AFA0
new_block->magic=0x0x00000000DEADC0DE
new_block->next=0x0x0000000000000000
[heap] SPLIT block=0x0xFFFF9000000F8020 alloc=0x0x0000000000002000 remainder=0x0xFFFF9000000FA040 rem_size=0x0x000000000000AFA0
[heap] KMALLOC ptr=0x0xFFFF9000000F8040 size=0x0x0000000000002000 ra0=0x0xFFFFFFFF80011C64 ra1=0x0xFFFFFFFF8001638E ra2=0x0xFFFFFFFF80007262
[BEFORE SPLIT]
current=0x0xFFFF9000000FA040
current->size=0x0x000000000000AFA0
request=0x0x0000000000002000
header=0x0x0000000000000020
[AFTER SPLIT]
new_block=0x0xFFFF9000000FC060
new_block->size=0x0x0000000000008F80
new_block->magic=0x0x00000000DEADC0DE
new_block->next=0x0x0000000000000000
[heap] SPLIT block=0x0xFFFF9000000FA040 alloc=0x0x0000000000002000 remainder=0x0xFFFF9000000FC060 rem_size=0x0x0000000000008F80
[heap] KMALLOC ptr=0x0xFFFF9000000FA060 size=0x0x0000000000002000 ra0=0x0xFFFFFFFF80011C64 ra1=0x0xFFFFFFFF800163A6 ra2=0x0xFFFFFFFF80007262
[BEFORE SPLIT]
current=0x0xFFFF9000000FC060
current->size=0x0x0000000000008F80
request=0x0x0000000000002000
header=0x0x0000000000000020
[AFTER SPLIT]
new_block=0x0xFFFF9000000FE080
new_block->size=0x0x0000000000006F60
new_block->magic=0x0x00000000DEADC0DE
new_block->next=0x0x0000000000000000
[heap] SPLIT block=0x0xFFFF9000000FC060 alloc=0x0x0000000000002000 remainder=0x0xFFFF9000000FE080 rem_size=0x0x0000000000006F60
[heap] KMALLOC ptr=0x0xFFFF9000000FC080 size=0x0x0000000000002000 ra0=0x0xFFFFFFFF80011C64 ra1=0x0xFFFFFFFF800163BE ra2=0x0xFFFFFFFF80007262
[BEFORE SPLIT]
current=0x0xFFFF9000000FE080
current->size=0x0x0000000000006F60
request=0x0x0000000000002000
header=0x0x0000000000000020
[AFTER SPLIT]
new_block=0x0xFFFF9000001000A0
new_block->size=0x0x0000000000004F40
new_block->magic=0x0x00000000DEADC0DE
new_block->next=0x0x0000000000000000
[heap] SPLIT block=0x0xFFFF9000000FE080 alloc=0x0x0000000000002000 remainder=0x0xFFFF9000001000A0 rem_size=0x0x0000000000004F40
[heap] KMALLOC ptr=0x0xFFFF9000000FE0A0 size=0x0x0000000000002000 ra0=0x0xFFFFFFFF80011C64 ra1=0x0xFFFFFFFF800163D6 ra2=0x0xFFFFFFFF80007262
[heap] KFREE ptr=0x0xFFFF9000000FE0A0 size=0x0x0000000000002000 ra0=0x0xFFFFFFFF8001148E
[MERGE CHECK]
current=0x0xFFFF9000000FE080
expected_next=0x0xFFFF9000001000A0
actual_next=0x0xFFFF9000001000A0
[heap] MERGE into=0x0xFFFF9000000FE080 absorb=0x0xFFFF9000001000A0 new_size=0x0x0000000000006F60
[heap] KFREE ptr=0x0xFFFF9000000F8040 size=0x0x0000000000002000 ra0=0x0xFFFFFFFF8001148E
[heap] KFREE ptr=0x0xFFFF9000000FA060 size=0x0x0000000000002000 ra0=0x0xFFFFFFFF8001148E
[MERGE CHECK]
current=0x0xFFFF9000000F8020
expected_next=0x0xFFFF9000000FA040
actual_next=0x0xFFFF9000000FA040
[heap] MERGE into=0x0xFFFF9000000F8020 absorb=0x0xFFFF9000000FA040 new_size=0x0x0000000000004020
[heap] KFREE ptr=0x0xFFFF9000000FC080 size=0x0x0000000000002000 ra0=0x0xFFFFFFFF8001148E
[MERGE CHECK]
current=0x0xFFFF9000000F8020
expected_next=0x0xFFFF9000000FC060
actual_next=0x0xFFFF9000000FC060
[heap] MERGE into=0x0xFFFF9000000F8020 absorb=0x0xFFFF9000000FC060 new_size=0x0x0000000000006040
[MERGE CHECK]
current=0x0xFFFF9000000F8020
expected_next=0x0xFFFF9000000FE080
actual_next=0x0xFFFF9000000FE080
[heap] MERGE into=0x0xFFFF9000000F8020 absorb=0x0xFFFF9000000FE080 new_size=0x0x000000000000CFC0
[TEST] priority ... PASS
[BEFORE SPLIT]
current=0x0xFFFF900000002020
current->size=0x0x0000000000000FC0
request=0x0x0000000000000200
header=0x0x0000000000000020
[AFTER SPLIT]
new_block=0x0xFFFF900000002240
new_block->size=0x0x0000000000000DA0
new_block->magic=0x0x00000000DEADC0DE
new_block->next=0x0xFFFF900000003000
[heap] SPLIT block=0x0xFFFF900000002020 alloc=0x0x0000000000000200 remainder=0x0xFFFF900000002240 rem_size=0x0x0000000000000DA0
[heap] KMALLOC ptr=0x0xFFFF900000002040 size=0x0x0000000000000200 ra0=0x0xFFFFFFFF80008437 ra1=0x0xFFFFFFFF800164D5 ra2=0x0xFFFFFFFF80007262
[heap] KFREE ptr=0x0xFFFF900000002040 size=0x0x0000000000000200 ra0=0x0xFFFFFFFF800084B3
[MERGE CHECK]
current=0x0xFFFF900000002020
expected_next=0x0xFFFF900000002240
actual_next=0x0xFFFF900000002240
[heap] MERGE into=0x0xFFFF900000002020 absorb=0x0xFFFF900000002240 new_size=0x0x0000000000000FC0
[BEFORE SPLIT]
current=0x0xFFFF900000002020
current->size=0x0x0000000000000FC0
request=0x0x0000000000000200
header=0x0x0000000000000020
[AFTER SPLIT]
new_block=0x0xFFFF900000002240
new_block->size=0x0x0000000000000DA0
new_block->magic=0x0x00000000DEADC0DE
new_block->next=0x0xFFFF900000003000
[heap] SPLIT block=0x0xFFFF900000002020 alloc=0x0x0000000000000200 remainder=0x0xFFFF900000002240 rem_size=0x0x0000000000000DA0
[heap] KMALLOC ptr=0x0xFFFF900000002040 size=0x0x0000000000000200 ra0=0x0xFFFFFFFF80008437 ra1=0x0xFFFFFFFF80013723 ra2=0x0xFFFFFFFF800164F6
[heap] KFREE ptr=0x0xFFFF900000002040 size=0x0x0000000000000200 ra0=0x0xFFFFFFFF800084B3
[MERGE CHECK]
current=0x0xFFFF900000002020
expected_next=0x0xFFFF900000002240
actual_next=0x0xFFFF900000002240
[heap] MERGE into=0x0xFFFF900000002020 absorb=0x0xFFFF900000002240 new_size=0x0x0000000000000FC0
[BEFORE SPLIT]
current=0x0xFFFF900000002020
current->size=0x0x0000000000000FC0
request=0x0x0000000000000040
header=0x0x0000000000000020
[AFTER SPLIT]
new_block=0x0xFFFF900000002080
new_block->size=0x0x0000000000000F60
new_block->magic=0x0x00000000DEADC0DE
new_block->next=0x0xFFFF900000003000
[heap] SPLIT block=0x0xFFFF900000002020 alloc=0x0x0000000000000040 remainder=0x0xFFFF900000002080 rem_size=0x0x0000000000000F60
[heap] KMALLOC ptr=0x0xFFFF900000002040 size=0x0x0000000000000040 ra0=0x0xFFFFFFFF8001375E ra1=0x0xFFFFFFFF800164F6 ra2=0x0xFFFFFFFF80007262
[BEFORE SPLIT]
current=0x0xFFFF900000002080
current->size=0x0x0000000000000F60
request=0x0x0000000000000200
header=0x0x0000000000000020
[AFTER SPLIT]
new_block=0x0xFFFF9000000022A0
new_block->size=0x0x0000000000000D40
new_block->magic=0x0x00000000DEADC0DE
new_block->next=0x0xFFFF900000003000
[heap] SPLIT block=0x0xFFFF900000002080 alloc=0x0x0000000000000200 remainder=0x0xFFFF9000000022A0 rem_size=0x0x0000000000000D40
[heap] KMALLOC ptr=0x0xFFFF9000000020A0 size=0x0x0000000000000200 ra0=0x0xFFFFFFFF80008437 ra1=0x0xFFFFFFFF8001411A ra2=0x0xFFFFFFFF800165AB
[heap] KFREE ptr=0x0xFFFF9000000020A0 size=0x0x0000000000000200 ra0=0x0xFFFFFFFF800084B3
[MERGE CHECK]
current=0x0xFFFF900000002080
expected_next=0x0xFFFF9000000022A0
actual_next=0x0xFFFF9000000022A0
[heap] MERGE into=0x0xFFFF900000002080 absorb=0x0xFFFF9000000022A0 new_size=0x0x0000000000000F60
[BEFORE SPLIT]
current=0x0xFFFF900000002080
current->size=0x0x0000000000000F60
request=0x0x0000000000000200
header=0x0x0000000000000020
[AFTER SPLIT]
new_block=0x0xFFFF9000000022A0
new_block->size=0x0x0000000000000D40
new_block->magic=0x0x00000000DEADC0DE
new_block->next=0x0xFFFF900000003000
[heap] SPLIT block=0x0xFFFF900000002080 alloc=0x0x0000000000000200 remainder=0x0xFFFF9000000022A0 rem_size=0x0x0000000000000D40
[heap] KMALLOC ptr=0x0xFFFF9000000020A0 size=0x0x0000000000000200 ra0=0x0xFFFFFFFF80007B6C ra1=0x0xFFFFFFFF80014136 ra2=0x0xFFFFFFFF800165AB
[heap] KFREE ptr=0x0xFFFF9000000020A0 size=0x0x0000000000000200 ra0=0x0xFFFFFFFF80007B80
[MERGE CHECK]
current=0x0xFFFF900000002080
expected_next=0x0xFFFF9000000022A0
actual_next=0x0xFFFF9000000022A0
[heap] MERGE into=0x0xFFFF900000002080 absorb=0x0xFFFF9000000022A0 new_size=0x0x0000000000000F60
[BEFORE SPLIT]
current=0x0xFFFF900000002080
current->size=0x0x0000000000000F60
request=0x0x0000000000000200
header=0x0x0000000000000020
[AFTER SPLIT]
new_block=0x0xFFFF9000000022A0
new_block->size=0x0x0000000000000D40
new_block->magic=0x0x00000000DEADC0DE
new_block->next=0x0xFFFF900000003000
[heap] SPLIT block=0x0xFFFF900000002080 alloc=0x0x0000000000000200 remainder=0x0xFFFF9000000022A0 rem_size=0x0x0000000000000D40
[heap] KMALLOC ptr=0x0xFFFF9000000020A0 size=0x0x0000000000000200 ra0=0x0xFFFFFFFF80007BAA ra1=0x0xFFFFFFFF80014136 ra2=0x0xFFFFFFFF800165AB
[heap] KFREE ptr=0x0xFFFF9000000020A0 size=0x0x0000000000000200 ra0=0x0xFFFFFFFF8000804C
[MERGE CHECK]
current=0x0xFFFF900000002080
expected_next=0x0xFFFF9000000022A0
actual_next=0x0xFFFF9000000022A0
[heap] MERGE into=0x0xFFFF900000002080 absorb=0x0xFFFF9000000022A0 new_size=0x0x0000000000000F60
[heap] KFREE ptr=0x0xFFFF900000002040 size=0x0x0000000000000040 ra0=0x0xFFFFFFFF80014147
[MERGE CHECK]
current=0x0xFFFF900000002020
expected_next=0x0xFFFF900000002080
actual_next=0x0xFFFF900000002080
[heap] MERGE into=0x0xFFFF900000002020 absorb=0x0xFFFF900000002080 new_size=0x0x0000000000000FC0
[BEFORE SPLIT]
current=0x0xFFFF900000002020
current->size=0x0x0000000000000FC0
request=0x0x0000000000000200
header=0x0x0000000000000020
[AFTER SPLIT]
new_block=0x0xFFFF900000002240
new_block->size=0x0x0000000000000DA0
new_block->magic=0x0x00000000DEADC0DE
new_block->next=0x0xFFFF900000003000
[heap] SPLIT block=0x0xFFFF900000002020 alloc=0x0x0000000000000200 remainder=0x0xFFFF900000002240 rem_size=0x0x0000000000000DA0
[heap] KMALLOC ptr=0x0xFFFF900000002040 size=0x0x0000000000000200 ra0=0x0xFFFFFFFF80008437 ra1=0x0xFFFFFFFF80013723 ra2=0x0xFFFFFFFF800165BF
[heap] KFREE ptr=0x0xFFFF900000002040 size=0x0x0000000000000200 ra0=0x0xFFFFFFFF800084B3
[MERGE CHECK]
current=0x0xFFFF900000002020
expected_next=0x0xFFFF900000002240
actual_next=0x0xFFFF900000002240
[heap] MERGE into=0x0xFFFF900000002020 absorb=0x0xFFFF900000002240 new_size=0x0x0000000000000FC0
[BEFORE SPLIT]
current=0x0xFFFF900000002020
current->size=0x0x0000000000000FC0
request=0x0x0000000000000200
header=0x0x0000000000000020
[AFTER SPLIT]
new_block=0x0xFFFF900000002240
new_block->size=0x0x0000000000000DA0
new_block->magic=0x0x00000000DEADC0DE
new_block->next=0x0xFFFF900000003000
[heap] SPLIT block=0x0xFFFF900000002020 alloc=0x0x0000000000000200 remainder=0x0xFFFF900000002240 rem_size=0x0x0000000000000DA0
[heap] KMALLOC ptr=0x0xFFFF900000002040 size=0x0x0000000000000200 ra0=0x0xFFFFFFFF80008540 ra1=0x0xFFFFFFFF80013741 ra2=0x0xFFFFFFFF800165BF
[heap] KFREE ptr=0x0xFFFF900000002040 size=0x0x0000000000000200 ra0=0x0xFFFFFFFF800085D2
[MERGE CHECK]
current=0x0xFFFF900000002020
expected_next=0x0xFFFF900000002240
actual_next=0x0xFFFF900000002240
[heap] MERGE into=0x0xFFFF900000002020 absorb=0x0xFFFF900000002240 new_size=0x0x0000000000000FC0
[BEFORE SPLIT]
current=0x0xFFFF900000002020
current->size=0x0x0000000000000FC0
request=0x0x0000000000000040
header=0x0x0000000000000020
[AFTER SPLIT]
new_block=0x0xFFFF900000002080
new_block->size=0x0x0000000000000F60
new_block->magic=0x0x00000000DEADC0DE
new_block->next=0x0xFFFF900000003000
[heap] SPLIT block=0x0xFFFF900000002020 alloc=0x0x0000000000000040 remainder=0x0xFFFF900000002080 rem_size=0x0x0000000000000F60
[heap] KMALLOC ptr=0x0xFFFF900000002040 size=0x0x0000000000000040 ra0=0x0xFFFFFFFF8001375E ra1=0x0xFFFFFFFF800165BF ra2=0x0xFFFFFFFF80007262
[BEFORE SPLIT]
current=0x0xFFFF900000002080
current->size=0x0x0000000000000F60
request=0x0x0000000000000200
header=0x0x0000000000000020
[AFTER SPLIT]
new_block=0x0xFFFF9000000022A0
new_block->size=0x0x0000000000000D40
new_block->magic=0x0x00000000DEADC0DE
new_block->next=0x0xFFFF900000003000
[heap] SPLIT block=0x0xFFFF900000002080 alloc=0x0x0000000000000200 remainder=0x0xFFFF9000000022A0 rem_size=0x0x0000000000000D40
[heap] KMALLOC ptr=0x0xFFFF9000000020A0 size=0x0x0000000000000200 ra0=0x0xFFFFFFFF8000866D ra1=0x0xFFFFFFFF80013797 ra2=0x0xFFFFFFFF800165BF
[heap] KFREE ptr=0x0xFFFF9000000020A0 size=0x0x0000000000000200 ra0=0x0xFFFFFFFF80008717
[MERGE CHECK]
current=0x0xFFFF900000002080
expected_next=0x0xFFFF9000000022A0
actual_next=0x0xFFFF9000000022A0
[heap] MERGE into=0x0xFFFF900000002080 absorb=0x0xFFFF9000000022A0 new_size=0x0x0000000000000F60
[BEFORE SPLIT]
current=0x0xFFFF900000002080
current->size=0x0x0000000000000F60
request=0x0x0000000000000200
header=0x0x0000000000000020
[AFTER SPLIT]
new_block=0x0xFFFF9000000022A0
new_block->size=0x0x0000000000000D40
new_block->magic=0x0x00000000DEADC0DE
new_block->next=0x0xFFFF900000003000
[heap] SPLIT block=0x0xFFFF900000002080 alloc=0x0x0000000000000200 remainder=0x0xFFFF9000000022A0 rem_size=0x0x0000000000000D40
[heap] KMALLOC ptr=0x0xFFFF9000000020A0 size=0x0x0000000000000200 ra0=0x0xFFFFFFFF80008745 ra1=0x0xFFFFFFFF80013797 ra2=0x0xFFFFFFFF800165BF
[heap] KFREE ptr=0x0xFFFF9000000020A0 size=0x0x0000000000000200 ra0=0x0xFFFFFFFF800087B4
[MERGE CHECK]
current=0x0xFFFF900000002080
expected_next=0x0xFFFF9000000022A0
actual_next=0x0xFFFF9000000022A0
[heap] MERGE into=0x0xFFFF900000002080 absorb=0x0xFFFF9000000022A0 new_size=0x0x0000000000000F60
[heap] KFREE ptr=0x0xFFFF900000002040 size=0x0x0000000000000040 ra0=0x0xFFFFFFFF80014147
[MERGE CHECK]
current=0x0xFFFF900000002020
expected_next=0x0xFFFF900000002080
actual_next=0x0xFFFF900000002080
[heap] MERGE into=0x0xFFFF900000002020 absorb=0x0xFFFF900000002080 new_size=0x0x0000000000000FC0
[BEFORE SPLIT]
current=0x0xFFFF900000002020
current->size=0x0x0000000000000FC0
request=0x0x0000000000000200
header=0x0x0000000000000020
[AFTER SPLIT]
new_block=0x0xFFFF900000002240
new_block->size=0x0x0000000000000DA0
new_block->magic=0x0x00000000DEADC0DE
new_block->next=0x0xFFFF900000003000
[heap] SPLIT block=0x0xFFFF900000002020 alloc=0x0x0000000000000200 remainder=0x0xFFFF900000002240 rem_size=0x0x0000000000000DA0
[heap] KMALLOC ptr=0x0xFFFF900000002040 size=0x0x0000000000000200 ra0=0x0xFFFFFFFF800081CE ra1=0x0xFFFFFFFF8001669A ra2=0x0xFFFFFFFF80007262
[heap] KFREE ptr=0x0xFFFF900000002040 size=0x0x0000000000000200 ra0=0x0xFFFFFFFF800082A2
[MERGE CHECK]
current=0x0xFFFF900000002020
expected_next=0x0xFFFF900000002240
actual_next=0x0xFFFF900000002240
[heap] MERGE into=0x0xFFFF900000002020 absorb=0x0xFFFF900000002240 new_size=0x0x0000000000000FC0
[BEFORE SPLIT]
current=0x0xFFFF900000002020
current->size=0x0x0000000000000FC0
request=0x0x0000000000000200
header=0x0x0000000000000020
[AFTER SPLIT]
new_block=0x0xFFFF900000002240
new_block->size=0x0x0000000000000DA0
new_block->magic=0x0x00000000DEADC0DE
new_block->next=0x0xFFFF900000003000
[heap] SPLIT block=0x0xFFFF900000002020 alloc=0x0x0000000000000200 remainder=0x0xFFFF900000002240 rem_size=0x0x0000000000000DA0
[heap] KMALLOC ptr=0x0xFFFF900000002040 size=0x0x0000000000000200 ra0=0x0xFFFFFFFF8000830A ra1=0x0xFFFFFFFF8001669A ra2=0x0xFFFFFFFF80007262
[heap] KFREE ptr=0x0xFFFF900000002040 size=0x0x0000000000000200 ra0=0x0xFFFFFFFF80008362
[MERGE CHECK]
current=0x0xFFFF900000002020
expected_next=0x0xFFFF900000002240
actual_next=0x0xFFFF900000002240
[heap] MERGE into=0x0xFFFF900000002020 absorb=0x0xFFFF900000002240 new_size=0x0x0000000000000FC0
[OK] File dihapus!
[TEST] vfs fd ... PASS
[TEST] ===== done =====
